Archive member included to satisfy reference by file (symbol)

.\CortexM3\ARM_GCC_541\Debug\SamplingCircuit.a(I2S_DMA_dma.o)
                              .\CortexM3\ARM_GCC_541\Debug\main.o (I2S_DMA_DmaInitialize)
.\CortexM3\ARM_GCC_541\Debug\SamplingCircuit.a(CyDmac.o)
                              .\CortexM3\ARM_GCC_541\Debug\Cm3Start.o (CyDmacConfigure)
.\CortexM3\ARM_GCC_541\Debug\SamplingCircuit.a(CyLib.o)
                              .\CortexM3\ARM_GCC_541\Debug\Cm3Start.o (CyHalt)
.\CortexM3\ARM_GCC_541\Debug\SamplingCircuit.a(cyPm.o)
                              .\CortexM3\ARM_GCC_541\Debug\SamplingCircuit.a(CyLib.o) (CyPmReadStatus)
.\CortexM3\ARM_GCC_541\Debug\SamplingCircuit.a(I2S.o)
                              .\CortexM3\ARM_GCC_541\Debug\main.o (I2S_Start)
.\CortexM3\ARM_GCC_541\Debug\SamplingCircuit.a(DmaI2S.o)
                              .\CortexM3\ARM_GCC_541\Debug\main.o (DmaI2S_StartEx)
.\CortexM3\ARM_GCC_541\Debug\SamplingCircuit.a(SPIM.o)
                              .\CortexM3\ARM_GCC_541\Debug\main.o (SPIM_WriteTxData)
.\CortexM3\ARM_GCC_541\Debug\SamplingCircuit.a(CyBootAsmGnu.o)
                              .\CortexM3\ARM_GCC_541\Debug\cyfitter_cfg.o (CyDelayCycles)
.\CortexM3\ARM_GCC_541\Debug\SamplingCircuit.a(CyFlash.o)
                              .\CortexM3\ARM_GCC_541\Debug\SamplingCircuit.a(cyPm.o) (CyFlash_SetWaitCycles)
.\CortexM3\ARM_GCC_541\Debug\SamplingCircuit.a(CySpc.o)
                              .\CortexM3\ARM_GCC_541\Debug\SamplingCircuit.a(CyFlash.o) (CySpcStart)
c:/program files (x86)/cypress/psoc creator/4.4/psoc creator/import/gnu/arm/5.4.1/bin/../lib/gcc/arm-none-eabi/5.4.1/../../../../arm-none-eabi/lib/armv7-m\libg_nano.a(lib_a-errno.o)
                              .\CortexM3\ARM_GCC_541\Debug\Cm3Start.o (__errno)
c:/program files (x86)/cypress/psoc creator/4.4/psoc creator/import/gnu/arm/5.4.1/bin/../lib/gcc/arm-none-eabi/5.4.1/../../../../arm-none-eabi/lib/armv7-m\libg_nano.a(lib_a-exit.o)
                              c:/program files (x86)/cypress/psoc creator/4.4/psoc creator/import/gnu/arm/5.4.1/bin/../lib/gcc/arm-none-eabi/5.4.1/../../../../arm-none-eabi/lib/armv7-m/crt0.o (exit)
c:/program files (x86)/cypress/psoc creator/4.4/psoc creator/import/gnu/arm/5.4.1/bin/../lib/gcc/arm-none-eabi/5.4.1/../../../../arm-none-eabi/lib/armv7-m\libg_nano.a(lib_a-impure.o)
                              c:/program files (x86)/cypress/psoc creator/4.4/psoc creator/import/gnu/arm/5.4.1/bin/../lib/gcc/arm-none-eabi/5.4.1/../../../../arm-none-eabi/lib/armv7-m\libg_nano.a(lib_a-exit.o) (_global_impure_ptr)
c:/program files (x86)/cypress/psoc creator/4.4/psoc creator/import/gnu/arm/5.4.1/bin/../lib/gcc/arm-none-eabi/5.4.1/../../../../arm-none-eabi/lib/armv7-m\libg_nano.a(lib_a-init.o)
                              c:/program files (x86)/cypress/psoc creator/4.4/psoc creator/import/gnu/arm/5.4.1/bin/../lib/gcc/arm-none-eabi/5.4.1/../../../../arm-none-eabi/lib/armv7-m/crt0.o (__libc_init_array)
c:/program files (x86)/cypress/psoc creator/4.4/psoc creator/import/gnu/arm/5.4.1/bin/../lib/gcc/arm-none-eabi/5.4.1/../../../../arm-none-eabi/lib/armv7-m\libg_nano.a(lib_a-memcpy-stub.o)
                              .\CortexM3\ARM_GCC_541\Debug\cyfitter_cfg.o (memcpy)
c:/program files (x86)/cypress/psoc creator/4.4/psoc creator/import/gnu/arm/5.4.1/bin/../lib/gcc/arm-none-eabi/5.4.1/../../../../arm-none-eabi/lib/armv7-m\libg_nano.a(lib_a-memset.o)
                              c:/program files (x86)/cypress/psoc creator/4.4/psoc creator/import/gnu/arm/5.4.1/bin/../lib/gcc/arm-none-eabi/5.4.1/../../../../arm-none-eabi/lib/armv7-m/crt0.o (memset)

Allocating common symbols
Common symbol       size              file

SPIM_swStatusTx     0x1               .\CortexM3\ARM_GCC_541\Debug\SamplingCircuit.a(SPIM.o)
dmaTdi2s            0x1               .\CortexM3\ARM_GCC_541\Debug\main.o
bruh                0x80              .\CortexM3\ARM_GCC_541\Debug\main.o
i2sChannel          0x1               .\CortexM3\ARM_GCC_541\Debug\main.o
soundBuffer_I2S     0x400             .\CortexM3\ARM_GCC_541\Debug\main.o
hex_string          0xd               .\CortexM3\ARM_GCC_541\Debug\main.o
dieTemperature      0x2               .\CortexM3\ARM_GCC_541\Debug\SamplingCircuit.a(CyFlash.o)
interBuffer         0x200             .\CortexM3\ARM_GCC_541\Debug\main.o
SPIM_swStatusRx     0x1               .\CortexM3\ARM_GCC_541\Debug\SamplingCircuit.a(SPIM.o)

Discarded input sections

 .text          0x00000000        0x0 c:/program files (x86)/cypress/psoc creator/4.4/psoc creator/import/gnu/arm/5.4.1/bin/../lib/gcc/arm-none-eabi/5.4.1/armv7-m/crti.o
 .data          0x00000000        0x0 c:/program files (x86)/cypress/psoc creator/4.4/psoc creator/import/gnu/arm/5.4.1/bin/../lib/gcc/arm-none-eabi/5.4.1/armv7-m/crti.o
 .bss           0x00000000        0x0 c:/program files (x86)/cypress/psoc creator/4.4/psoc creator/import/gnu/arm/5.4.1/bin/../lib/gcc/arm-none-eabi/5.4.1/armv7-m/crti.o
 .data          0x00000000        0x4 c:/program files (x86)/cypress/psoc creator/4.4/psoc creator/import/gnu/arm/5.4.1/bin/../lib/gcc/arm-none-eabi/5.4.1/armv7-m/crtbegin.o
 .text          0x00000000       0x74 c:/program files (x86)/cypress/psoc creator/4.4/psoc creator/import/gnu/arm/5.4.1/bin/../lib/gcc/arm-none-eabi/5.4.1/../../../../arm-none-eabi/lib/armv7-m/crt0.o
 .data          0x00000000        0x0 c:/program files (x86)/cypress/psoc creator/4.4/psoc creator/import/gnu/arm/5.4.1/bin/../lib/gcc/arm-none-eabi/5.4.1/../../../../arm-none-eabi/lib/armv7-m/crt0.o
 .bss           0x00000000        0x0 c:/program files (x86)/cypress/psoc creator/4.4/psoc creator/import/gnu/arm/5.4.1/bin/../lib/gcc/arm-none-eabi/5.4.1/../../../../arm-none-eabi/lib/armv7-m/crt0.o
 .ARM.extab     0x00000000        0x0 c:/program files (x86)/cypress/psoc creator/4.4/psoc creator/import/gnu/arm/5.4.1/bin/../lib/gcc/arm-none-eabi/5.4.1/../../../../arm-none-eabi/lib/armv7-m/crt0.o
 .ARM.exidx     0x00000000        0x8 c:/program files (x86)/cypress/psoc creator/4.4/psoc creator/import/gnu/arm/5.4.1/bin/../lib/gcc/arm-none-eabi/5.4.1/../../../../arm-none-eabi/lib/armv7-m/crt0.o
 .text          0x00000000        0x0 .\CortexM3\ARM_GCC_541\Debug\main.o
 .data          0x00000000        0x0 .\CortexM3\ARM_GCC_541\Debug\main.o
 .text.DmaSPI   0x00000000        0x4 .\CortexM3\ARM_GCC_541\Debug\main.o
 .text          0x00000000        0x0 .\CortexM3\ARM_GCC_541\Debug\cyfitter_cfg.o
 .data          0x00000000        0x0 .\CortexM3\ARM_GCC_541\Debug\cyfitter_cfg.o
 .bss           0x00000000        0x0 .\CortexM3\ARM_GCC_541\Debug\cyfitter_cfg.o
 .text.SetAnalogRoutingPumps
                0x00000000       0x10 .\CortexM3\ARM_GCC_541\Debug\cyfitter_cfg.o
 .text          0x00000000        0x0 .\CortexM3\ARM_GCC_541\Debug\cymetadata.o
 .data          0x00000000        0x0 .\CortexM3\ARM_GCC_541\Debug\cymetadata.o
 .bss           0x00000000        0x0 .\CortexM3\ARM_GCC_541\Debug\cymetadata.o
 .text          0x00000000        0x0 .\CortexM3\ARM_GCC_541\Debug\Cm3Start.o
 .data          0x00000000        0x4 .\CortexM3\ARM_GCC_541\Debug\Cm3Start.o
 .bss           0x00000000        0x0 .\CortexM3\ARM_GCC_541\Debug\Cm3Start.o
 .text._exit    0x00000000        0xc .\CortexM3\ARM_GCC_541\Debug\Cm3Start.o
 .text._sbrk    0x00000000       0x30 .\CortexM3\ARM_GCC_541\Debug\Cm3Start.o
 .text          0x00000000        0x0 .\CortexM3\ARM_GCC_541\Debug\SamplingCircuit.a(I2S_DMA_dma.o)
 .bss           0x00000000        0x0 .\CortexM3\ARM_GCC_541\Debug\SamplingCircuit.a(I2S_DMA_dma.o)
 .text.I2S_DMA_DmaRelease
                0x00000000       0x10 .\CortexM3\ARM_GCC_541\Debug\SamplingCircuit.a(I2S_DMA_dma.o)
 .text          0x00000000        0x0 .\CortexM3\ARM_GCC_541\Debug\SamplingCircuit.a(CyDmac.o)
 .bss           0x00000000        0x0 .\CortexM3\ARM_GCC_541\Debug\SamplingCircuit.a(CyDmac.o)
 .text.CyDmacError
                0x00000000       0x10 .\CortexM3\ARM_GCC_541\Debug\SamplingCircuit.a(CyDmac.o)
 .text.CyDmacClearError
                0x00000000       0x10 .\CortexM3\ARM_GCC_541\Debug\SamplingCircuit.a(CyDmac.o)
 .text.CyDmacErrorAddress
                0x00000000        0xc .\CortexM3\ARM_GCC_541\Debug\SamplingCircuit.a(CyDmac.o)
 .text.CyDmaChAlloc
                0x00000000       0x38 .\CortexM3\ARM_GCC_541\Debug\SamplingCircuit.a(CyDmac.o)
 .text.CyDmaChFree
                0x00000000       0x2c .\CortexM3\ARM_GCC_541\Debug\SamplingCircuit.a(CyDmac.o)
 .text.CyDmaChDisable
                0x00000000       0x24 .\CortexM3\ARM_GCC_541\Debug\SamplingCircuit.a(CyDmac.o)
 .text.CyDmaClearPendingDrq
                0x00000000       0x28 .\CortexM3\ARM_GCC_541\Debug\SamplingCircuit.a(CyDmac.o)
 .text.CyDmaChSetRequest
                0x00000000       0x20 .\CortexM3\ARM_GCC_541\Debug\SamplingCircuit.a(CyDmac.o)
 .text.CyDmaChGetRequest
                0x00000000       0x1c .\CortexM3\ARM_GCC_541\Debug\SamplingCircuit.a(CyDmac.o)
 .text.CyDmaChStatus
                0x00000000       0x30 .\CortexM3\ARM_GCC_541\Debug\SamplingCircuit.a(CyDmac.o)
 .text.CyDmaTdFree
                0x00000000       0x34 .\CortexM3\ARM_GCC_541\Debug\SamplingCircuit.a(CyDmac.o)
 .text.CyDmaTdFreeCount
                0x00000000       0x10 .\CortexM3\ARM_GCC_541\Debug\SamplingCircuit.a(CyDmac.o)
 .text.CyDmaTdGetConfiguration
                0x00000000       0x4c .\CortexM3\ARM_GCC_541\Debug\SamplingCircuit.a(CyDmac.o)
 .text.CyDmaTdGetAddress
                0x00000000       0x34 .\CortexM3\ARM_GCC_541\Debug\SamplingCircuit.a(CyDmac.o)
 .text.CyDmaChRoundRobin
                0x00000000       0x30 .\CortexM3\ARM_GCC_541\Debug\SamplingCircuit.a(CyDmac.o)
 .text          0x00000000        0x0 .\CortexM3\ARM_GCC_541\Debug\SamplingCircuit.a(CyLib.o)
 .bss           0x00000000       0x1c .\CortexM3\ARM_GCC_541\Debug\SamplingCircuit.a(CyLib.o)
 .text.CyUSB_PowerOnCheck
                0x00000000       0x48 .\CortexM3\ARM_GCC_541\Debug\SamplingCircuit.a(CyLib.o)
 .text.CyBusClk_Internal_SetDivider
                0x00000000       0x48 .\CortexM3\ARM_GCC_541\Debug\SamplingCircuit.a(CyLib.o)
 .text.CyPLL_OUT_Stop
                0x00000000       0x10 .\CortexM3\ARM_GCC_541\Debug\SamplingCircuit.a(CyLib.o)
 .text.CyIMO_Stop
                0x00000000       0x1c .\CortexM3\ARM_GCC_541\Debug\SamplingCircuit.a(CyLib.o)
 .text.CyIMO_EnableDoubler
                0x00000000       0x10 .\CortexM3\ARM_GCC_541\Debug\SamplingCircuit.a(CyLib.o)
 .text.CyIMO_DisableDoubler
                0x00000000       0x10 .\CortexM3\ARM_GCC_541\Debug\SamplingCircuit.a(CyLib.o)
 .text.CyMasterClk_SetSource
                0x00000000       0x18 .\CortexM3\ARM_GCC_541\Debug\SamplingCircuit.a(CyLib.o)
 .text.CyMasterClk_SetDivider
                0x00000000        0xc .\CortexM3\ARM_GCC_541\Debug\SamplingCircuit.a(CyLib.o)
 .text.CyBusClk_SetDivider
                0x00000000       0x70 .\CortexM3\ARM_GCC_541\Debug\SamplingCircuit.a(CyLib.o)
 .text.CyUsbClk_SetSource
                0x00000000       0x18 .\CortexM3\ARM_GCC_541\Debug\SamplingCircuit.a(CyLib.o)
 .text.CyILO_Start1K
                0x00000000       0x10 .\CortexM3\ARM_GCC_541\Debug\SamplingCircuit.a(CyLib.o)
 .text.CyILO_Stop1K
                0x00000000       0x10 .\CortexM3\ARM_GCC_541\Debug\SamplingCircuit.a(CyLib.o)
 .text.CyILO_Start100K
                0x00000000       0x10 .\CortexM3\ARM_GCC_541\Debug\SamplingCircuit.a(CyLib.o)
 .text.CyILO_Stop100K
                0x00000000       0x10 .\CortexM3\ARM_GCC_541\Debug\SamplingCircuit.a(CyLib.o)
 .text.CyPLL_OUT_Start
                0x00000000       0x78 .\CortexM3\ARM_GCC_541\Debug\SamplingCircuit.a(CyLib.o)
 .text.CyIMO_Start
                0x00000000       0x60 .\CortexM3\ARM_GCC_541\Debug\SamplingCircuit.a(CyLib.o)
 .text.CyILO_Enable33K
                0x00000000       0x10 .\CortexM3\ARM_GCC_541\Debug\SamplingCircuit.a(CyLib.o)
 .text.CyILO_Disable33K
                0x00000000       0x10 .\CortexM3\ARM_GCC_541\Debug\SamplingCircuit.a(CyLib.o)
 .text.CyILO_SetSource
                0x00000000       0x18 .\CortexM3\ARM_GCC_541\Debug\SamplingCircuit.a(CyLib.o)
 .text.CyILO_SetPowerMode
                0x00000000       0x24 .\CortexM3\ARM_GCC_541\Debug\SamplingCircuit.a(CyLib.o)
 .text.CyXTAL_32KHZ_Stop
                0x00000000       0x30 .\CortexM3\ARM_GCC_541\Debug\SamplingCircuit.a(CyLib.o)
 .text.CyXTAL_32KHZ_ReadStatus
                0x00000000       0x10 .\CortexM3\ARM_GCC_541\Debug\SamplingCircuit.a(CyLib.o)
 .text.CyXTAL_Start
                0x00000000       0xac .\CortexM3\ARM_GCC_541\Debug\SamplingCircuit.a(CyLib.o)
 .text.CyXTAL_Stop
                0x00000000       0x10 .\CortexM3\ARM_GCC_541\Debug\SamplingCircuit.a(CyLib.o)
 .text.CyXTAL_EnableErrStatus
                0x00000000       0x10 .\CortexM3\ARM_GCC_541\Debug\SamplingCircuit.a(CyLib.o)
 .text.CyXTAL_DisableErrStatus
                0x00000000       0x10 .\CortexM3\ARM_GCC_541\Debug\SamplingCircuit.a(CyLib.o)
 .text.CyXTAL_ReadStatus
                0x00000000       0x18 .\CortexM3\ARM_GCC_541\Debug\SamplingCircuit.a(CyLib.o)
 .text.CyXTAL_EnableFaultRecovery
                0x00000000       0x10 .\CortexM3\ARM_GCC_541\Debug\SamplingCircuit.a(CyLib.o)
 .text.CyXTAL_DisableFaultRecovery
                0x00000000       0x10 .\CortexM3\ARM_GCC_541\Debug\SamplingCircuit.a(CyLib.o)
 .text.CyXTAL_SetStartup
                0x00000000       0x18 .\CortexM3\ARM_GCC_541\Debug\SamplingCircuit.a(CyLib.o)
 .text.CyXTAL_SetFbVoltage
                0x00000000       0x18 .\CortexM3\ARM_GCC_541\Debug\SamplingCircuit.a(CyLib.o)
 .text.CyXTAL_SetWdVoltage
                0x00000000       0x18 .\CortexM3\ARM_GCC_541\Debug\SamplingCircuit.a(CyLib.o)
 .text.CyHalt   0x00000000        0x4 .\CortexM3\ARM_GCC_541\Debug\SamplingCircuit.a(CyLib.o)
 .text.CyPLL_OUT_SetPQ
                0x00000000       0x60 .\CortexM3\ARM_GCC_541\Debug\SamplingCircuit.a(CyLib.o)
 .text.CyPLL_OUT_SetSource
                0x00000000       0x34 .\CortexM3\ARM_GCC_541\Debug\SamplingCircuit.a(CyLib.o)
 .text.CyIMO_SetTrimValue
                0x00000000       0xcc .\CortexM3\ARM_GCC_541\Debug\SamplingCircuit.a(CyLib.o)
 .text.CyIMO_SetFreq
                0x00000000       0xf4 .\CortexM3\ARM_GCC_541\Debug\SamplingCircuit.a(CyLib.o)
 .text.CyIMO_SetSource
                0x00000000       0x58 .\CortexM3\ARM_GCC_541\Debug\SamplingCircuit.a(CyLib.o)
 .text.CySoftwareReset
                0x00000000       0x10 .\CortexM3\ARM_GCC_541\Debug\SamplingCircuit.a(CyLib.o)
 .text.CyDelayUs
                0x00000000       0x14 .\CortexM3\ARM_GCC_541\Debug\SamplingCircuit.a(CyLib.o)
 .text.CyXTAL_32KHZ_SetPowerMode
                0x00000000       0x84 .\CortexM3\ARM_GCC_541\Debug\SamplingCircuit.a(CyLib.o)
 .text.CyXTAL_32KHZ_Start
                0x00000000       0x74 .\CortexM3\ARM_GCC_541\Debug\SamplingCircuit.a(CyLib.o)
 .text.CyDelayFreq
                0x00000000       0x4c .\CortexM3\ARM_GCC_541\Debug\SamplingCircuit.a(CyLib.o)
 .text.CyWdtStart
                0x00000000       0x40 .\CortexM3\ARM_GCC_541\Debug\SamplingCircuit.a(CyLib.o)
 .text.CyWdtClear
                0x00000000        0xc .\CortexM3\ARM_GCC_541\Debug\SamplingCircuit.a(CyLib.o)
 .text.CyVdStickyStatus
                0x00000000       0x2c .\CortexM3\ARM_GCC_541\Debug\SamplingCircuit.a(CyLib.o)
 .text.CyVdLvDigitEnable
                0x00000000       0x84 .\CortexM3\ARM_GCC_541\Debug\SamplingCircuit.a(CyLib.o)
 .text.CyVdLvAnalogEnable
                0x00000000       0x80 .\CortexM3\ARM_GCC_541\Debug\SamplingCircuit.a(CyLib.o)
 .text.CyVdLvDigitDisable
                0x00000000       0x30 .\CortexM3\ARM_GCC_541\Debug\SamplingCircuit.a(CyLib.o)
 .text.CyVdLvAnalogDisable
                0x00000000       0x28 .\CortexM3\ARM_GCC_541\Debug\SamplingCircuit.a(CyLib.o)
 .text.CyVdHvAnalogEnable
                0x00000000       0x54 .\CortexM3\ARM_GCC_541\Debug\SamplingCircuit.a(CyLib.o)
 .text.CyVdHvAnalogDisable
                0x00000000       0x20 .\CortexM3\ARM_GCC_541\Debug\SamplingCircuit.a(CyLib.o)
 .text.CyVdRealTimeStatus
                0x00000000       0x1c .\CortexM3\ARM_GCC_541\Debug\SamplingCircuit.a(CyLib.o)
 .text.CyDisableInts
                0x00000000       0x1c .\CortexM3\ARM_GCC_541\Debug\SamplingCircuit.a(CyLib.o)
 .text.CyEnableInts
                0x00000000       0x18 .\CortexM3\ARM_GCC_541\Debug\SamplingCircuit.a(CyLib.o)
 .text.CyFlushCache
                0x00000000       0x44 .\CortexM3\ARM_GCC_541\Debug\SamplingCircuit.a(CyLib.o)
 .text.CyIntSetSysVector
                0x00000000       0x28 .\CortexM3\ARM_GCC_541\Debug\SamplingCircuit.a(CyLib.o)
 .text.CyIntGetSysVector
                0x00000000       0x20 .\CortexM3\ARM_GCC_541\Debug\SamplingCircuit.a(CyLib.o)
 .text.CyIntSetVector
                0x00000000       0x28 .\CortexM3\ARM_GCC_541\Debug\SamplingCircuit.a(CyLib.o)
 .text.CyIntGetVector
                0x00000000       0x24 .\CortexM3\ARM_GCC_541\Debug\SamplingCircuit.a(CyLib.o)
 .text.CyIntSetPriority
                0x00000000       0x30 .\CortexM3\ARM_GCC_541\Debug\SamplingCircuit.a(CyLib.o)
 .text.CyIntGetPriority
                0x00000000       0x20 .\CortexM3\ARM_GCC_541\Debug\SamplingCircuit.a(CyLib.o)
 .text.CyIntGetState
                0x00000000       0x24 .\CortexM3\ARM_GCC_541\Debug\SamplingCircuit.a(CyLib.o)
 .text.CySysTickStop
                0x00000000       0x10 .\CortexM3\ARM_GCC_541\Debug\SamplingCircuit.a(CyLib.o)
 .text.CySysTickEnableInterrupt
                0x00000000       0x10 .\CortexM3\ARM_GCC_541\Debug\SamplingCircuit.a(CyLib.o)
 .text.CySysTickEnable
                0x00000000       0x18 .\CortexM3\ARM_GCC_541\Debug\SamplingCircuit.a(CyLib.o)
 .text.CySysTickDisableInterrupt
                0x00000000       0x10 .\CortexM3\ARM_GCC_541\Debug\SamplingCircuit.a(CyLib.o)
 .text.CySysTickSetReload
                0x00000000       0x10 .\CortexM3\ARM_GCC_541\Debug\SamplingCircuit.a(CyLib.o)
 .text.CySysTickGetReload
                0x00000000       0x10 .\CortexM3\ARM_GCC_541\Debug\SamplingCircuit.a(CyLib.o)
 .text.CySysTickGetValue
                0x00000000       0x10 .\CortexM3\ARM_GCC_541\Debug\SamplingCircuit.a(CyLib.o)
 .text.CySysTickSetClockSource
                0x00000000       0x20 .\CortexM3\ARM_GCC_541\Debug\SamplingCircuit.a(CyLib.o)
 .text.CySysTickGetClockSource
                0x00000000       0x10 .\CortexM3\ARM_GCC_541\Debug\SamplingCircuit.a(CyLib.o)
 .text.CySysTickGetCountFlag
                0x00000000       0x10 .\CortexM3\ARM_GCC_541\Debug\SamplingCircuit.a(CyLib.o)
 .text.CySysTickServiceCallbacks
                0x00000000       0x28 .\CortexM3\ARM_GCC_541\Debug\SamplingCircuit.a(CyLib.o)
 .text.CySysTickClear
                0x00000000        0xc .\CortexM3\ARM_GCC_541\Debug\SamplingCircuit.a(CyLib.o)
 .text.CySysTickInit
                0x00000000       0x58 .\CortexM3\ARM_GCC_541\Debug\SamplingCircuit.a(CyLib.o)
 .text.CySysTickStart
                0x00000000       0x1c .\CortexM3\ARM_GCC_541\Debug\SamplingCircuit.a(CyLib.o)
 .text.CySysTickSetCallback
                0x00000000       0x10 .\CortexM3\ARM_GCC_541\Debug\SamplingCircuit.a(CyLib.o)
 .text.CySysTickGetCallback
                0x00000000       0x10 .\CortexM3\ARM_GCC_541\Debug\SamplingCircuit.a(CyLib.o)
 .text.CyGetUniqueId
                0x00000000       0x70 .\CortexM3\ARM_GCC_541\Debug\SamplingCircuit.a(CyLib.o)
 .text          0x00000000        0x0 .\CortexM3\ARM_GCC_541\Debug\SamplingCircuit.a(cyPm.o)
 .data          0x00000000        0x0 .\CortexM3\ARM_GCC_541\Debug\SamplingCircuit.a(cyPm.o)
 .bss           0x00000000       0x43 .\CortexM3\ARM_GCC_541\Debug\SamplingCircuit.a(cyPm.o)
 .text.CyPmHibSlpSaveSet
                0x00000000      0x1dc .\CortexM3\ARM_GCC_541\Debug\SamplingCircuit.a(cyPm.o)
 .text.CyPmHibSlpRestore
                0x00000000       0xd8 .\CortexM3\ARM_GCC_541\Debug\SamplingCircuit.a(cyPm.o)
 .text.CyPmHviLviSaveDisable
                0x00000000       0xa0 .\CortexM3\ARM_GCC_541\Debug\SamplingCircuit.a(cyPm.o)
 .text.CyPmHibSaveSet
                0x00000000       0x98 .\CortexM3\ARM_GCC_541\Debug\SamplingCircuit.a(cyPm.o)
 .text.CyPmHviLviRestore
                0x00000000       0x48 .\CortexM3\ARM_GCC_541\Debug\SamplingCircuit.a(cyPm.o)
 .text.CyPmHibRestore
                0x00000000       0x60 .\CortexM3\ARM_GCC_541\Debug\SamplingCircuit.a(cyPm.o)
 .text.CyPmSaveClocks
                0x00000000      0x218 .\CortexM3\ARM_GCC_541\Debug\SamplingCircuit.a(cyPm.o)
 .text.CyPmRestoreClocks
                0x00000000      0x24c .\CortexM3\ARM_GCC_541\Debug\SamplingCircuit.a(cyPm.o)
 .text.CyPmAltAct
                0x00000000       0x6c .\CortexM3\ARM_GCC_541\Debug\SamplingCircuit.a(cyPm.o)
 .text.CyPmSleep
                0x00000000       0xf4 .\CortexM3\ARM_GCC_541\Debug\SamplingCircuit.a(cyPm.o)
 .text.CyPmHibernateEx
                0x00000000       0xf4 .\CortexM3\ARM_GCC_541\Debug\SamplingCircuit.a(cyPm.o)
 .text.CyPmHibernate
                0x00000000        0xc .\CortexM3\ARM_GCC_541\Debug\SamplingCircuit.a(cyPm.o)
 .text.CyPmReadStatus
                0x00000000       0x30 .\CortexM3\ARM_GCC_541\Debug\SamplingCircuit.a(cyPm.o)
 .text.CyPmCtwSetInterval
                0x00000000       0x5c .\CortexM3\ARM_GCC_541\Debug\SamplingCircuit.a(cyPm.o)
 .text.CyPmOppsSet
                0x00000000       0x2c .\CortexM3\ARM_GCC_541\Debug\SamplingCircuit.a(cyPm.o)
 .text.CyPmFtwSetInterval
                0x00000000       0x5c .\CortexM3\ARM_GCC_541\Debug\SamplingCircuit.a(cyPm.o)
 .rodata        0x00000000        0xf .\CortexM3\ARM_GCC_541\Debug\SamplingCircuit.a(cyPm.o)
 .text          0x00000000        0x0 .\CortexM3\ARM_GCC_541\Debug\SamplingCircuit.a(I2S.o)
 .data          0x00000000        0x0 .\CortexM3\ARM_GCC_541\Debug\SamplingCircuit.a(I2S.o)
 .text.I2S_DisableRx
                0x00000000       0x28 .\CortexM3\ARM_GCC_541\Debug\SamplingCircuit.a(I2S.o)
 .text.I2S_ClearRxFIFO
                0x00000000       0x24 .\CortexM3\ARM_GCC_541\Debug\SamplingCircuit.a(I2S.o)
 .text.I2S_Stop
                0x00000000       0x3c .\CortexM3\ARM_GCC_541\Debug\SamplingCircuit.a(I2S.o)
 .text          0x00000000        0x0 .\CortexM3\ARM_GCC_541\Debug\SamplingCircuit.a(DmaI2S.o)
 .data          0x00000000        0x0 .\CortexM3\ARM_GCC_541\Debug\SamplingCircuit.a(DmaI2S.o)
 .bss           0x00000000        0x0 .\CortexM3\ARM_GCC_541\Debug\SamplingCircuit.a(DmaI2S.o)
 .text.DmaI2S_Interrupt
                0x00000000        0x4 .\CortexM3\ARM_GCC_541\Debug\SamplingCircuit.a(DmaI2S.o)
 .text.DmaI2S_GetVector
                0x00000000        0xc .\CortexM3\ARM_GCC_541\Debug\SamplingCircuit.a(DmaI2S.o)
 .text.DmaI2S_GetPriority
                0x00000000        0xc .\CortexM3\ARM_GCC_541\Debug\SamplingCircuit.a(DmaI2S.o)
 .text.DmaI2S_GetState
                0x00000000       0x10 .\CortexM3\ARM_GCC_541\Debug\SamplingCircuit.a(DmaI2S.o)
 .text.DmaI2S_Start
                0x00000000       0x1c .\CortexM3\ARM_GCC_541\Debug\SamplingCircuit.a(DmaI2S.o)
 .text.DmaI2S_Stop
                0x00000000       0x14 .\CortexM3\ARM_GCC_541\Debug\SamplingCircuit.a(DmaI2S.o)
 .text.DmaI2S_SetPending
                0x00000000        0xc .\CortexM3\ARM_GCC_541\Debug\SamplingCircuit.a(DmaI2S.o)
 .text.DmaI2S_ClearPending
                0x00000000        0xc .\CortexM3\ARM_GCC_541\Debug\SamplingCircuit.a(DmaI2S.o)
 .text          0x00000000        0x0 .\CortexM3\ARM_GCC_541\Debug\SamplingCircuit.a(SPIM.o)
 .data          0x00000000        0x0 .\CortexM3\ARM_GCC_541\Debug\SamplingCircuit.a(SPIM.o)
 .text.SPIM_Stop
                0x00000000       0x24 .\CortexM3\ARM_GCC_541\Debug\SamplingCircuit.a(SPIM.o)
 .text.SPIM_EnableTxInt
                0x00000000        0x4 .\CortexM3\ARM_GCC_541\Debug\SamplingCircuit.a(SPIM.o)
 .text.SPIM_EnableRxInt
                0x00000000        0x4 .\CortexM3\ARM_GCC_541\Debug\SamplingCircuit.a(SPIM.o)
 .text.SPIM_DisableTxInt
                0x00000000        0x4 .\CortexM3\ARM_GCC_541\Debug\SamplingCircuit.a(SPIM.o)
 .text.SPIM_DisableRxInt
                0x00000000        0x4 .\CortexM3\ARM_GCC_541\Debug\SamplingCircuit.a(SPIM.o)
 .text.SPIM_SetTxInterruptMode
                0x00000000        0xc .\CortexM3\ARM_GCC_541\Debug\SamplingCircuit.a(SPIM.o)
 .text.SPIM_SetRxInterruptMode
                0x00000000        0xc .\CortexM3\ARM_GCC_541\Debug\SamplingCircuit.a(SPIM.o)
 .text.SPIM_ReadRxData
                0x00000000        0xc .\CortexM3\ARM_GCC_541\Debug\SamplingCircuit.a(SPIM.o)
 .text.SPIM_GetRxBufferSize
                0x00000000       0x18 .\CortexM3\ARM_GCC_541\Debug\SamplingCircuit.a(SPIM.o)
 .text.SPIM_GetTxBufferSize
                0x00000000       0x24 .\CortexM3\ARM_GCC_541\Debug\SamplingCircuit.a(SPIM.o)
 .text.SPIM_ClearRxBuffer
                0x00000000       0x1c .\CortexM3\ARM_GCC_541\Debug\SamplingCircuit.a(SPIM.o)
 .text.SPIM_PutArray
                0x00000000       0x20 .\CortexM3\ARM_GCC_541\Debug\SamplingCircuit.a(SPIM.o)
 .text.SPIM_EnableInt
                0x00000000        0x4 .\CortexM3\ARM_GCC_541\Debug\SamplingCircuit.a(SPIM.o)
 .text.SPIM_DisableInt
                0x00000000        0x4 .\CortexM3\ARM_GCC_541\Debug\SamplingCircuit.a(SPIM.o)
 .text.SPIM_SetInterruptMode
                0x00000000       0x14 .\CortexM3\ARM_GCC_541\Debug\SamplingCircuit.a(SPIM.o)
 .text.SPIM_ReadStatus
                0x00000000       0x18 .\CortexM3\ARM_GCC_541\Debug\SamplingCircuit.a(SPIM.o)
 COMMON         0x00000000        0x2 .\CortexM3\ARM_GCC_541\Debug\SamplingCircuit.a(SPIM.o)
 .data          0x00000000        0x0 .\CortexM3\ARM_GCC_541\Debug\SamplingCircuit.a(CyBootAsmGnu.o)
 .bss           0x00000000        0x0 .\CortexM3\ARM_GCC_541\Debug\SamplingCircuit.a(CyBootAsmGnu.o)
 .text          0x00000000        0x0 .\CortexM3\ARM_GCC_541\Debug\SamplingCircuit.a(CyFlash.o)
 .data          0x00000000        0x0 .\CortexM3\ARM_GCC_541\Debug\SamplingCircuit.a(CyFlash.o)
 .bss           0x00000000        0x0 .\CortexM3\ARM_GCC_541\Debug\SamplingCircuit.a(CyFlash.o)
 .text.CySetTempInt
                0x00000000       0x60 .\CortexM3\ARM_GCC_541\Debug\SamplingCircuit.a(CyFlash.o)
 .text.CyFlash_Start
                0x00000000       0x54 .\CortexM3\ARM_GCC_541\Debug\SamplingCircuit.a(CyFlash.o)
 .text.CyFlash_Stop
                0x00000000       0x24 .\CortexM3\ARM_GCC_541\Debug\SamplingCircuit.a(CyFlash.o)
 .text.CyFlash_EraseRow
                0x00000000       0x78 .\CortexM3\ARM_GCC_541\Debug\SamplingCircuit.a(CyFlash.o)
 .text.CyFlashGetSpcAlgorithm
                0x00000000       0x4c .\CortexM3\ARM_GCC_541\Debug\SamplingCircuit.a(CyFlash.o)
 .text.CySetTemp
                0x00000000       0x14 .\CortexM3\ARM_GCC_541\Debug\SamplingCircuit.a(CyFlash.o)
 .text.CySetFlashEEBuffer
                0x00000000       0x20 .\CortexM3\ARM_GCC_541\Debug\SamplingCircuit.a(CyFlash.o)
 .text.CyWriteRowFull
                0x00000000       0xf8 .\CortexM3\ARM_GCC_541\Debug\SamplingCircuit.a(CyFlash.o)
 .text.CyWriteRowData
                0x00000000       0x14 .\CortexM3\ARM_GCC_541\Debug\SamplingCircuit.a(CyFlash.o)
 .text.CyFlash_SetWaitCycles
                0x00000000       0x7c .\CortexM3\ARM_GCC_541\Debug\SamplingCircuit.a(CyFlash.o)
 .text.CyEEPROM_Start
                0x00000000       0x54 .\CortexM3\ARM_GCC_541\Debug\SamplingCircuit.a(CyFlash.o)
 .text.CyEEPROM_Stop
                0x00000000       0x24 .\CortexM3\ARM_GCC_541\Debug\SamplingCircuit.a(CyFlash.o)
 .text.CyEEPROM_ReadReserve
                0x00000000       0x1c .\CortexM3\ARM_GCC_541\Debug\SamplingCircuit.a(CyFlash.o)
 .text.CyEEPROM_ReadRelease
                0x00000000       0x10 .\CortexM3\ARM_GCC_541\Debug\SamplingCircuit.a(CyFlash.o)
 COMMON         0x00000000        0x2 .\CortexM3\ARM_GCC_541\Debug\SamplingCircuit.a(CyFlash.o)
 .text          0x00000000        0x0 .\CortexM3\ARM_GCC_541\Debug\SamplingCircuit.a(CySpc.o)
 .data          0x00000000        0x0 .\CortexM3\ARM_GCC_541\Debug\SamplingCircuit.a(CySpc.o)
 .bss           0x00000000        0x8 .\CortexM3\ARM_GCC_541\Debug\SamplingCircuit.a(CySpc.o)
 .text.CySpcStart
                0x00000000       0x24 .\CortexM3\ARM_GCC_541\Debug\SamplingCircuit.a(CySpc.o)
 .text.CySpcStop
                0x00000000       0x24 .\CortexM3\ARM_GCC_541\Debug\SamplingCircuit.a(CySpc.o)
 .text.CySpcReadData
                0x00000000       0x34 .\CortexM3\ARM_GCC_541\Debug\SamplingCircuit.a(CySpc.o)
 .text.CySpcLoadMultiByte
                0x00000000       0x78 .\CortexM3\ARM_GCC_541\Debug\SamplingCircuit.a(CySpc.o)
 .text.CySpcLoadRow
                0x00000000       0x50 .\CortexM3\ARM_GCC_541\Debug\SamplingCircuit.a(CySpc.o)
 .text.CySpcLoadRowFull
                0x00000000       0x80 .\CortexM3\ARM_GCC_541\Debug\SamplingCircuit.a(CySpc.o)
 .text.CySpcWriteRow
                0x00000000       0x4c .\CortexM3\ARM_GCC_541\Debug\SamplingCircuit.a(CySpc.o)
 .text.CySpcEraseSector
                0x00000000       0x3c .\CortexM3\ARM_GCC_541\Debug\SamplingCircuit.a(CySpc.o)
 .text.CySpcEraseRow
                0x00000000       0x4c .\CortexM3\ARM_GCC_541\Debug\SamplingCircuit.a(CySpc.o)
 .text.CySpcGetTemp
                0x00000000       0x3c .\CortexM3\ARM_GCC_541\Debug\SamplingCircuit.a(CySpc.o)
 .text.CySpcLock
                0x00000000       0x4c .\CortexM3\ARM_GCC_541\Debug\SamplingCircuit.a(CySpc.o)
 .text.CySpcUnlock
                0x00000000       0x38 .\CortexM3\ARM_GCC_541\Debug\SamplingCircuit.a(CySpc.o)
 .text.CySpcGetAlgorithm
                0x00000000       0x28 .\CortexM3\ARM_GCC_541\Debug\SamplingCircuit.a(CySpc.o)
 .text          0x00000000        0x0 c:/program files (x86)/cypress/psoc creator/4.4/psoc creator/import/gnu/arm/5.4.1/bin/../lib/gcc/arm-none-eabi/5.4.1/../../../../arm-none-eabi/lib/armv7-m\libg_nano.a(lib_a-errno.o)
 .data          0x00000000        0x0 c:/program files (x86)/cypress/psoc creator/4.4/psoc creator/import/gnu/arm/5.4.1/bin/../lib/gcc/arm-none-eabi/5.4.1/../../../../arm-none-eabi/lib/armv7-m\libg_nano.a(lib_a-errno.o)
 .bss           0x00000000        0x0 c:/program files (x86)/cypress/psoc creator/4.4/psoc creator/import/gnu/arm/5.4.1/bin/../lib/gcc/arm-none-eabi/5.4.1/../../../../arm-none-eabi/lib/armv7-m\libg_nano.a(lib_a-errno.o)
 .text          0x00000000        0x0 c:/program files (x86)/cypress/psoc creator/4.4/psoc creator/import/gnu/arm/5.4.1/bin/../lib/gcc/arm-none-eabi/5.4.1/../../../../arm-none-eabi/lib/armv7-m\libg_nano.a(lib_a-exit.o)
 .data          0x00000000        0x0 c:/program files (x86)/cypress/psoc creator/4.4/psoc creator/import/gnu/arm/5.4.1/bin/../lib/gcc/arm-none-eabi/5.4.1/../../../../arm-none-eabi/lib/armv7-m\libg_nano.a(lib_a-exit.o)
 .bss           0x00000000        0x0 c:/program files (x86)/cypress/psoc creator/4.4/psoc creator/import/gnu/arm/5.4.1/bin/../lib/gcc/arm-none-eabi/5.4.1/../../../../arm-none-eabi/lib/armv7-m\libg_nano.a(lib_a-exit.o)
 .text.exit     0x00000000       0x28 c:/program files (x86)/cypress/psoc creator/4.4/psoc creator/import/gnu/arm/5.4.1/bin/../lib/gcc/arm-none-eabi/5.4.1/../../../../arm-none-eabi/lib/armv7-m\libg_nano.a(lib_a-exit.o)
 .text          0x00000000        0x0 c:/program files (x86)/cypress/psoc creator/4.4/psoc creator/import/gnu/arm/5.4.1/bin/../lib/gcc/arm-none-eabi/5.4.1/../../../../arm-none-eabi/lib/armv7-m\libg_nano.a(lib_a-impure.o)
 .data          0x00000000        0x0 c:/program files (x86)/cypress/psoc creator/4.4/psoc creator/import/gnu/arm/5.4.1/bin/../lib/gcc/arm-none-eabi/5.4.1/../../../../arm-none-eabi/lib/armv7-m\libg_nano.a(lib_a-impure.o)
 .bss           0x00000000        0x0 c:/program files (x86)/cypress/psoc creator/4.4/psoc creator/import/gnu/arm/5.4.1/bin/../lib/gcc/arm-none-eabi/5.4.1/../../../../arm-none-eabi/lib/armv7-m\libg_nano.a(lib_a-impure.o)
 .rodata._global_impure_ptr
                0x00000000        0x4 c:/program files (x86)/cypress/psoc creator/4.4/psoc creator/import/gnu/arm/5.4.1/bin/../lib/gcc/arm-none-eabi/5.4.1/../../../../arm-none-eabi/lib/armv7-m\libg_nano.a(lib_a-impure.o)
 .text          0x00000000        0x0 c:/program files (x86)/cypress/psoc creator/4.4/psoc creator/import/gnu/arm/5.4.1/bin/../lib/gcc/arm-none-eabi/5.4.1/../../../../arm-none-eabi/lib/armv7-m\libg_nano.a(lib_a-init.o)
 .data          0x00000000        0x0 c:/program files (x86)/cypress/psoc creator/4.4/psoc creator/import/gnu/arm/5.4.1/bin/../lib/gcc/arm-none-eabi/5.4.1/../../../../arm-none-eabi/lib/armv7-m\libg_nano.a(lib_a-init.o)
 .bss           0x00000000        0x0 c:/program files (x86)/cypress/psoc creator/4.4/psoc creator/import/gnu/arm/5.4.1/bin/../lib/gcc/arm-none-eabi/5.4.1/../../../../arm-none-eabi/lib/armv7-m\libg_nano.a(lib_a-init.o)
 .text          0x00000000        0x0 c:/program files (x86)/cypress/psoc creator/4.4/psoc creator/import/gnu/arm/5.4.1/bin/../lib/gcc/arm-none-eabi/5.4.1/../../../../arm-none-eabi/lib/armv7-m\libg_nano.a(lib_a-memcpy-stub.o)
 .data          0x00000000        0x0 c:/program files (x86)/cypress/psoc creator/4.4/psoc creator/import/gnu/arm/5.4.1/bin/../lib/gcc/arm-none-eabi/5.4.1/../../../../arm-none-eabi/lib/armv7-m\libg_nano.a(lib_a-memcpy-stub.o)
 .bss           0x00000000        0x0 c:/program files (x86)/cypress/psoc creator/4.4/psoc creator/import/gnu/arm/5.4.1/bin/../lib/gcc/arm-none-eabi/5.4.1/../../../../arm-none-eabi/lib/armv7-m\libg_nano.a(lib_a-memcpy-stub.o)
 .text          0x00000000        0x0 c:/program files (x86)/cypress/psoc creator/4.4/psoc creator/import/gnu/arm/5.4.1/bin/../lib/gcc/arm-none-eabi/5.4.1/../../../../arm-none-eabi/lib/armv7-m\libg_nano.a(lib_a-memset.o)
 .data          0x00000000        0x0 c:/program files (x86)/cypress/psoc creator/4.4/psoc creator/import/gnu/arm/5.4.1/bin/../lib/gcc/arm-none-eabi/5.4.1/../../../../arm-none-eabi/lib/armv7-m\libg_nano.a(lib_a-memset.o)
 .bss           0x00000000        0x0 c:/program files (x86)/cypress/psoc creator/4.4/psoc creator/import/gnu/arm/5.4.1/bin/../lib/gcc/arm-none-eabi/5.4.1/../../../../arm-none-eabi/lib/armv7-m\libg_nano.a(lib_a-memset.o)
 .text          0x00000000        0x0 c:/program files (x86)/cypress/psoc creator/4.4/psoc creator/import/gnu/arm/5.4.1/bin/../lib/gcc/arm-none-eabi/5.4.1/armv7-m/crtend.o
 .data          0x00000000        0x0 c:/program files (x86)/cypress/psoc creator/4.4/psoc creator/import/gnu/arm/5.4.1/bin/../lib/gcc/arm-none-eabi/5.4.1/armv7-m/crtend.o
 .bss           0x00000000        0x0 c:/program files (x86)/cypress/psoc creator/4.4/psoc creator/import/gnu/arm/5.4.1/bin/../lib/gcc/arm-none-eabi/5.4.1/armv7-m/crtend.o
 .text          0x00000000        0x0 c:/program files (x86)/cypress/psoc creator/4.4/psoc creator/import/gnu/arm/5.4.1/bin/../lib/gcc/arm-none-eabi/5.4.1/armv7-m/crtn.o
 .data          0x00000000        0x0 c:/program files (x86)/cypress/psoc creator/4.4/psoc creator/import/gnu/arm/5.4.1/bin/../lib/gcc/arm-none-eabi/5.4.1/armv7-m/crtn.o
 .bss           0x00000000        0x0 c:/program files (x86)/cypress/psoc creator/4.4/psoc creator/import/gnu/arm/5.4.1/bin/../lib/gcc/arm-none-eabi/5.4.1/armv7-m/crtn.o

Memory Configuration

Name             Origin             Length             Attributes
rom              0x00000000         0x00040000         xr
ram              0x1fff8000         0x00010000         xrw
*default*        0x00000000         0xffffffff

Linker script and memory map

LOAD c:/program files (x86)/cypress/psoc creator/4.4/psoc creator/import/gnu/arm/5.4.1/bin/../lib/gcc/arm-none-eabi/5.4.1/armv7-m/crti.o
LOAD c:/program files (x86)/cypress/psoc creator/4.4/psoc creator/import/gnu/arm/5.4.1/bin/../lib/gcc/arm-none-eabi/5.4.1/armv7-m/crtbegin.o
LOAD c:/program files (x86)/cypress/psoc creator/4.4/psoc creator/import/gnu/arm/5.4.1/bin/../lib/gcc/arm-none-eabi/5.4.1/../../../../arm-none-eabi/lib/armv7-m/crt0.o
START GROUP
LOAD .\CortexM3\ARM_GCC_541\Debug\main.o
LOAD .\CortexM3\ARM_GCC_541\Debug\cyfitter_cfg.o
LOAD .\CortexM3\ARM_GCC_541\Debug\cymetadata.o
LOAD .\CortexM3\ARM_GCC_541\Debug\Cm3Start.o
LOAD .\CortexM3\ARM_GCC_541\Debug\SamplingCircuit.a
LOAD C:\Program Files (x86)\Cypress\PSoC Creator\4.4\PSoC Creator\psoc\content\cycomponentlibrary\CyComponentLibrary.cylib\CortexM3\ARM_GCC_541\Debug\CyComponentLibrary.a
END GROUP
START GROUP
LOAD c:/program files (x86)/cypress/psoc creator/4.4/psoc creator/import/gnu/arm/5.4.1/bin/../lib/gcc/arm-none-eabi/5.4.1/armv7-m\libgcc.a
LOAD c:/program files (x86)/cypress/psoc creator/4.4/psoc creator/import/gnu/arm/5.4.1/bin/../lib/gcc/arm-none-eabi/5.4.1/../../../../arm-none-eabi/lib/armv7-m\libg_nano.a
LOAD c:/program files (x86)/cypress/psoc creator/4.4/psoc creator/import/gnu/arm/5.4.1/bin/../lib/gcc/arm-none-eabi/5.4.1/../../../../arm-none-eabi/lib/armv7-m\libc_nano.a
END GROUP
START GROUP
LOAD c:/program files (x86)/cypress/psoc creator/4.4/psoc creator/import/gnu/arm/5.4.1/bin/../lib/gcc/arm-none-eabi/5.4.1/armv7-m\libgcc.a
LOAD c:/program files (x86)/cypress/psoc creator/4.4/psoc creator/import/gnu/arm/5.4.1/bin/../lib/gcc/arm-none-eabi/5.4.1/../../../../arm-none-eabi/lib/armv7-m\libc_nano.a
END GROUP
LOAD c:/program files (x86)/cypress/psoc creator/4.4/psoc creator/import/gnu/arm/5.4.1/bin/../lib/gcc/arm-none-eabi/5.4.1/armv7-m/crtend.o
LOAD c:/program files (x86)/cypress/psoc creator/4.4/psoc creator/import/gnu/arm/5.4.1/bin/../lib/gcc/arm-none-eabi/5.4.1/armv7-m/crtn.o
START GROUP
LOAD c:/program files (x86)/cypress/psoc creator/4.4/psoc creator/import/gnu/arm/5.4.1/bin/../lib/gcc/arm-none-eabi/5.4.1/armv7-m\libgcc.a
LOAD c:/program files (x86)/cypress/psoc creator/4.4/psoc creator/import/gnu/arm/5.4.1/bin/../lib/gcc/arm-none-eabi/5.4.1/../../../../arm-none-eabi/lib/armv7-m\libc.a
LOAD c:/program files (x86)/cypress/psoc creator/4.4/psoc creator/import/gnu/arm/5.4.1/bin/../lib/gcc/arm-none-eabi/5.4.1/../../../../arm-none-eabi/lib/armv7-m\libnosys.a
END GROUP
                0x00000000                CY_APPL_ORIGIN = 0x0
                0x00000100                CY_FLASH_ROW_SIZE = 0x100
                0x00000020                CY_ECC_ROW_SIZE = 0x20
                0x00000000                CY_EE_IN_BTLDR = 0x0
                0x00000000                CY_APPL_LOADABLE = 0x0
                0x00000800                CY_EE_SIZE = 0x800
                0x00000001                CY_APPL_NUM = 0x1
                0x00000001                CY_APPL_MAX = 0x1
                0x00000040                CY_METADATA_SIZE = 0x40
                0x00000000                CY_APPL_LOADABLE = 0x0
                0x00000000                CY_CHECKSUM_EXCLUDE_SIZE = ALIGN (0x0, CY_FLASH_ROW_SIZE)
                [!provide]                PROVIDE (__cy_heap_start, _end)
                0x00000001                PROVIDE (__cy_region_num, ((__cy_regions_end - __cy_regions) / 0x10))
                0x20008000                PROVIDE (__cy_stack, (ORIGIN (ram) + LENGTH (ram)))
                [!provide]                PROVIDE (__cy_heap_end, (__cy_stack - 0x800))

.cybootloader   0x00000000        0x0
 *(.cybootloader)
                0x00000000                appl1_start = CY_APPL_ORIGIN?CY_APPL_ORIGIN:ALIGN (CY_FLASH_ROW_SIZE)
                0x0001ff00                appl2_start = (appl1_start + ALIGN ((((LENGTH (rom) - appl1_start) - (0x2 * CY_FLASH_ROW_SIZE)) / 0x2), CY_FLASH_ROW_SIZE))
                0x00000000                appl_start = (CY_APPL_NUM == 0x1)?appl1_start:appl2_start
                0x00000000                ecc_offset = ((appl_start / CY_FLASH_ROW_SIZE) * CY_ECC_ROW_SIZE)
                0x00000000                ee_offset = (CY_APPL_LOADABLE && ! (CY_EE_IN_BTLDR))?((CY_EE_SIZE / CY_APPL_MAX) * (CY_APPL_NUM - 0x1)):0x0
                0x00000800                ee_size = (CY_APPL_LOADABLE && ! (CY_EE_IN_BTLDR))?(CY_EE_SIZE / CY_APPL_MAX):CY_EE_SIZE
                [!provide]                PROVIDE (CY_ECC_OFFSET, ecc_offset)

.text           0x00000000      0x92e
 CREATE_OBJECT_SYMBOLS
                0x00000000                PROVIDE (__cy_interrupt_vector, RomVectors)
 *(.romvectors)
 .romvectors    0x00000000       0x10 .\CortexM3\ARM_GCC_541\Debug\Cm3Start.o
                0x00000000                RomVectors
                0x00000001                ASSERT ((. != __cy_interrupt_vector), No interrupt vector)
                0x00000001                ASSERT (CY_APPL_ORIGIN?(SIZEOF (.cybootloader) <= CY_APPL_ORIGIN):0x1, Wrong image location)
                0x00000010                PROVIDE (__cy_reset, Reset)
 *(.text.Reset)
 .text.Reset    0x00000010       0x18 .\CortexM3\ARM_GCC_541\Debug\Cm3Start.o
                0x00000010                Reset
                0x00000001                ASSERT ((. != __cy_reset), No reset code)
 *(.dma_init)
                0x00000001                ASSERT ((((appl_start + .) <= 0x10000) || 0x1), DMA Init must be within the first 64k of flash)
 *(.text .text.* .gnu.linkonce.t.*)
 .text          0x00000028       0x5c c:/program files (x86)/cypress/psoc creator/4.4/psoc creator/import/gnu/arm/5.4.1/bin/../lib/gcc/arm-none-eabi/5.4.1/armv7-m/crtbegin.o
 .text.DmaI2S   0x00000084       0x14 .\CortexM3\ARM_GCC_541\Debug\main.o
                0x00000084                DmaI2S
 .text.initDMA  0x00000098       0x58 .\CortexM3\ARM_GCC_541\Debug\main.o
                0x00000098                initDMA
 .text.initComponents
                0x000000f0       0x28 .\CortexM3\ARM_GCC_541\Debug\main.o
                0x000000f0                initComponents
 .text.main     0x00000118       0x60 .\CortexM3\ARM_GCC_541\Debug\main.o
                0x00000118                main
 .text.CyClockStartupError
                0x00000178        0x4 .\CortexM3\ARM_GCC_541\Debug\cyfitter_cfg.o
 .text.cfg_write_bytes32
                0x0000017c       0x34 .\CortexM3\ARM_GCC_541\Debug\cyfitter_cfg.o
 .text.AnalogSetDefault
                0x000001b0       0x28 .\CortexM3\ARM_GCC_541\Debug\cyfitter_cfg.o
 .text.CYMEMZERO
                0x000001d8        0xc .\CortexM3\ARM_GCC_541\Debug\cyfitter_cfg.o
 .text.ClockSetup
                0x000001e4       0xd4 .\CortexM3\ARM_GCC_541\Debug\cyfitter_cfg.o
 .text.CYCONFIGCPY
                0x000002b8        0x8 .\CortexM3\ARM_GCC_541\Debug\cyfitter_cfg.o
 .text.cyfitter_cfg
                0x000002c0      0x12c .\CortexM3\ARM_GCC_541\Debug\cyfitter_cfg.o
                0x000002c0                cyfitter_cfg
 .text.IntDefaultHandler
                0x000003ec       0x10 .\CortexM3\ARM_GCC_541\Debug\Cm3Start.o
                0x000003ec                IntDefaultHandler
 .text.Start_c  0x000003fc       0x4c .\CortexM3\ARM_GCC_541\Debug\Cm3Start.o
                0x000003fc                Start_c
 .text.initialize_psoc
                0x00000448       0x6c .\CortexM3\ARM_GCC_541\Debug\Cm3Start.o
                0x00000448                initialize_psoc
 .text.I2S_DMA_DmaInitialize
                0x000004b4       0x3c .\CortexM3\ARM_GCC_541\Debug\SamplingCircuit.a(I2S_DMA_dma.o)
                0x000004b4                I2S_DMA_DmaInitialize
 .text.CyDmacConfigure
                0x000004f0       0x34 .\CortexM3\ARM_GCC_541\Debug\SamplingCircuit.a(CyDmac.o)
                0x000004f0                CyDmacConfigure
 .text.CyDmaChEnable
                0x00000524       0x38 .\CortexM3\ARM_GCC_541\Debug\SamplingCircuit.a(CyDmac.o)
                0x00000524                CyDmaChEnable
 .text.CyDmaChPriority
                0x0000055c       0x24 .\CortexM3\ARM_GCC_541\Debug\SamplingCircuit.a(CyDmac.o)
                0x0000055c                CyDmaChPriority
 .text.CyDmaChSetExtendedAddress
                0x00000580       0x34 .\CortexM3\ARM_GCC_541\Debug\SamplingCircuit.a(CyDmac.o)
                0x00000580                CyDmaChSetExtendedAddress
 .text.CyDmaChSetInitialTd
                0x000005b4       0x18 .\CortexM3\ARM_GCC_541\Debug\SamplingCircuit.a(CyDmac.o)
                0x000005b4                CyDmaChSetInitialTd
 .text.CyDmaChSetConfiguration
                0x000005cc       0x44 .\CortexM3\ARM_GCC_541\Debug\SamplingCircuit.a(CyDmac.o)
                0x000005cc                CyDmaChSetConfiguration
 .text.CyDmaTdAllocate
                0x00000610       0x34 .\CortexM3\ARM_GCC_541\Debug\SamplingCircuit.a(CyDmac.o)
                0x00000610                CyDmaTdAllocate
 .text.CyDmaTdSetConfiguration
                0x00000644       0x28 .\CortexM3\ARM_GCC_541\Debug\SamplingCircuit.a(CyDmac.o)
                0x00000644                CyDmaTdSetConfiguration
 .text.CyDmaTdSetAddress
                0x0000066c       0x1c .\CortexM3\ARM_GCC_541\Debug\SamplingCircuit.a(CyDmac.o)
                0x0000066c                CyDmaTdSetAddress
 .text.CyDelay  0x00000688       0x2c .\CortexM3\ARM_GCC_541\Debug\SamplingCircuit.a(CyLib.o)
                0x00000688                CyDelay
 .text.I2S_Enable
                0x000006b4       0x28 .\CortexM3\ARM_GCC_541\Debug\SamplingCircuit.a(I2S.o)
                0x000006b4                I2S_Enable
 .text.I2S_Init
                0x000006dc       0x18 .\CortexM3\ARM_GCC_541\Debug\SamplingCircuit.a(I2S.o)
                0x000006dc                I2S_Init
 .text.I2S_Start
                0x000006f4       0x1c .\CortexM3\ARM_GCC_541\Debug\SamplingCircuit.a(I2S.o)
                0x000006f4                I2S_Start
 .text.I2S_EnableRx
                0x00000710       0x28 .\CortexM3\ARM_GCC_541\Debug\SamplingCircuit.a(I2S.o)
                0x00000710                I2S_EnableRx
 .text.DmaI2S_SetVector
                0x00000738        0xc .\CortexM3\ARM_GCC_541\Debug\SamplingCircuit.a(DmaI2S.o)
                0x00000738                DmaI2S_SetVector
 .text.DmaI2S_SetPriority
                0x00000744       0x10 .\CortexM3\ARM_GCC_541\Debug\SamplingCircuit.a(DmaI2S.o)
                0x00000744                DmaI2S_SetPriority
 .text.DmaI2S_Enable
                0x00000754        0xc .\CortexM3\ARM_GCC_541\Debug\SamplingCircuit.a(DmaI2S.o)
                0x00000754                DmaI2S_Enable
 .text.DmaI2S_Disable
                0x00000760        0xc .\CortexM3\ARM_GCC_541\Debug\SamplingCircuit.a(DmaI2S.o)
                0x00000760                DmaI2S_Disable
 .text.DmaI2S_StartEx
                0x0000076c       0x1c .\CortexM3\ARM_GCC_541\Debug\SamplingCircuit.a(DmaI2S.o)
                0x0000076c                DmaI2S_StartEx
 .text.SPIM_Enable
                0x00000788       0x30 .\CortexM3\ARM_GCC_541\Debug\SamplingCircuit.a(SPIM.o)
                0x00000788                SPIM_Enable
 .text.SPIM_ReadTxStatus
                0x000007b8        0xc .\CortexM3\ARM_GCC_541\Debug\SamplingCircuit.a(SPIM.o)
                0x000007b8                SPIM_ReadTxStatus
 .text.SPIM_ReadRxStatus
                0x000007c4        0xc .\CortexM3\ARM_GCC_541\Debug\SamplingCircuit.a(SPIM.o)
                0x000007c4                SPIM_ReadRxStatus
 .text.SPIM_WriteTxData
                0x000007d0       0x18 .\CortexM3\ARM_GCC_541\Debug\SamplingCircuit.a(SPIM.o)
                0x000007d0                SPIM_WriteTxData
 .text.SPIM_ClearTxBuffer
                0x000007e8       0x24 .\CortexM3\ARM_GCC_541\Debug\SamplingCircuit.a(SPIM.o)
                0x000007e8                SPIM_ClearTxBuffer
 .text.SPIM_ClearFIFO
                0x0000080c       0x3c .\CortexM3\ARM_GCC_541\Debug\SamplingCircuit.a(SPIM.o)
                0x0000080c                SPIM_ClearFIFO
 .text.SPIM_Init
                0x00000848       0x28 .\CortexM3\ARM_GCC_541\Debug\SamplingCircuit.a(SPIM.o)
                0x00000848                SPIM_Init
 .text.SPIM_Start
                0x00000870       0x1c .\CortexM3\ARM_GCC_541\Debug\SamplingCircuit.a(SPIM.o)
                0x00000870                SPIM_Start
 *fill*         0x0000088c        0x4 
 .text          0x00000890       0x20 .\CortexM3\ARM_GCC_541\Debug\SamplingCircuit.a(CyBootAsmGnu.o)
                0x00000890                CyDelayCycles
                0x000008a0                CyEnterCriticalSection
                0x000008a8                CyExitCriticalSection
 .text.__errno  0x000008b0        0xc c:/program files (x86)/cypress/psoc creator/4.4/psoc creator/import/gnu/arm/5.4.1/bin/../lib/gcc/arm-none-eabi/5.4.1/../../../../arm-none-eabi/lib/armv7-m\libg_nano.a(lib_a-errno.o)
                0x000008b0                __errno
 .text.__libc_init_array
                0x000008bc       0x4c c:/program files (x86)/cypress/psoc creator/4.4/psoc creator/import/gnu/arm/5.4.1/bin/../lib/gcc/arm-none-eabi/5.4.1/../../../../arm-none-eabi/lib/armv7-m\libg_nano.a(lib_a-init.o)
                0x000008bc                __libc_init_array
 .text.memcpy   0x00000908       0x16 c:/program files (x86)/cypress/psoc creator/4.4/psoc creator/import/gnu/arm/5.4.1/bin/../lib/gcc/arm-none-eabi/5.4.1/../../../../arm-none-eabi/lib/armv7-m\libg_nano.a(lib_a-memcpy-stub.o)
                0x00000908                memcpy
 .text.memset   0x0000091e       0x10 c:/program files (x86)/cypress/psoc creator/4.4/psoc creator/import/gnu/arm/5.4.1/bin/../lib/gcc/arm-none-eabi/5.4.1/../../../../arm-none-eabi/lib/armv7-m\libg_nano.a(lib_a-memset.o)
                0x0000091e                memset
 *(.plt)
 *(.gnu.warning)
 *(.glue_7t)
 .glue_7t       0x0000092e        0x0 linker stubs
 *(.glue_7)
 .glue_7        0x0000092e        0x0 linker stubs
 *(.vfp11_veneer)
 .vfp11_veneer  0x0000092e        0x0 linker stubs
 *(.bootloader)
 *(.ARM.extab* .gnu.linkonce.armextab.*)
 *(.gcc_except_table)

.v4_bx          0x00000930        0x0
 .v4_bx         0x00000930        0x0 linker stubs

.iplt           0x00000930        0x0
 .iplt          0x00000930        0x0 c:/program files (x86)/cypress/psoc creator/4.4/psoc creator/import/gnu/arm/5.4.1/bin/../lib/gcc/arm-none-eabi/5.4.1/armv7-m/crtbegin.o

.eh_frame_hdr
 *(.eh_frame_hdr)

.eh_frame       0x00000930        0x4
 *(.eh_frame)
 .eh_frame      0x00000930        0x0 c:/program files (x86)/cypress/psoc creator/4.4/psoc creator/import/gnu/arm/5.4.1/bin/../lib/gcc/arm-none-eabi/5.4.1/armv7-m/crtbegin.o
 .eh_frame      0x00000930        0x4 c:/program files (x86)/cypress/psoc creator/4.4/psoc creator/import/gnu/arm/5.4.1/bin/../lib/gcc/arm-none-eabi/5.4.1/armv7-m/crtend.o
                [!provide]                PROVIDE (__exidx_start, .)

.ARM.exidx
 *(.ARM.exidx* .gnu.linkonce.armexidx.*)
                0x00000934                __exidx_end = .

.rodata         0x00000934       0x74
 *(.rodata .rodata.* .gnu.linkonce.r.*)
 .rodata        0x00000934       0x3a .\CortexM3\ARM_GCC_541\Debug\cyfitter_cfg.o
 .rodata.str1.1
                0x0000096e        0x2 c:/program files (x86)/cypress/psoc creator/4.4/psoc creator/import/gnu/arm/5.4.1/bin/../lib/gcc/arm-none-eabi/5.4.1/../../../../arm-none-eabi/lib/armv7-m\libg_nano.a(lib_a-impure.o)
                0x00000970                . = ALIGN (0x4)
 *(.init)
 .init          0x00000970        0x4 c:/program files (x86)/cypress/psoc creator/4.4/psoc creator/import/gnu/arm/5.4.1/bin/../lib/gcc/arm-none-eabi/5.4.1/armv7-m/crti.o
                0x00000970                _init
 .init          0x00000974        0x8 c:/program files (x86)/cypress/psoc creator/4.4/psoc creator/import/gnu/arm/5.4.1/bin/../lib/gcc/arm-none-eabi/5.4.1/armv7-m/crtn.o
                0x0000097c                . = ALIGN (0x4)
                0x0000097c                __preinit_array_start = .
 *(.preinit_array)
                0x0000097c                __preinit_array_end = .
                0x0000097c                . = ALIGN (0x4)
                0x0000097c                __init_array_start = .
 *(SORT(.init_array.*))
 *(.init_array)
 .init_array    0x0000097c        0x4 c:/program files (x86)/cypress/psoc creator/4.4/psoc creator/import/gnu/arm/5.4.1/bin/../lib/gcc/arm-none-eabi/5.4.1/armv7-m/crtbegin.o
 .init_array    0x00000980        0x4 .\CortexM3\ARM_GCC_541\Debug\Cm3Start.o
                0x00000984                __init_array_end = .
                0x00000984                . = ALIGN (0x4)
 *(.fini)
 .fini          0x00000984        0x4 c:/program files (x86)/cypress/psoc creator/4.4/psoc creator/import/gnu/arm/5.4.1/bin/../lib/gcc/arm-none-eabi/5.4.1/armv7-m/crti.o
                0x00000984                _fini
 .fini          0x00000988        0x8 c:/program files (x86)/cypress/psoc creator/4.4/psoc creator/import/gnu/arm/5.4.1/bin/../lib/gcc/arm-none-eabi/5.4.1/armv7-m/crtn.o
                0x00000990                . = ALIGN (0x4)
                0x00000990                __fini_array_start = .
 *(.fini_array)
 .fini_array    0x00000990        0x4 c:/program files (x86)/cypress/psoc creator/4.4/psoc creator/import/gnu/arm/5.4.1/bin/../lib/gcc/arm-none-eabi/5.4.1/armv7-m/crtbegin.o
 *(SORT(.fini_array.*))
                0x00000994                __fini_array_end = .
                0x00000994                . = ALIGN (0x4)
 *crtbegin.o(.ctors)
 *(EXCLUDE_FILE(*crtend.o) .ctors)
 *(SORT(.ctors.*))
 *crtend.o(.ctors)
                0x00000994                . = ALIGN (0x4)
 *crtbegin.o(.dtors)
 *(EXCLUDE_FILE(*crtend.o) .dtors)
 *(SORT(.dtors.*))
 *crtend.o(.dtors)
                0x00000994                . = ALIGN (0x4)
                0x00000994                __cy_regions = .
                0x00000994        0x4 LONG 0x9a8 __cy_region_init_ram
                0x00000998        0x4 LONG 0x1fff80c8 __cy_region_start_data
                0x0000099c        0x4 LONG 0x88 __cy_region_init_size_ram
                0x000009a0        0x4 LONG 0x6c0 __cy_region_zero_size_ram
                0x000009a4                __cy_regions_end = .
                0x000009a8                . = ALIGN (0x8)
 *fill*         0x000009a4        0x4 
                0x000009a8                _etext = .

.cy_checksum_exclude
                0x000009a8        0x0
 *(.cy_checksum_exclude)

.ramvectors     0x1fff8000       0xc0
                0x1fff8000                __cy_region_start_ram = .
 *(.ramvectors)
 .ramvectors    0x1fff8000       0xc0 .\CortexM3\ARM_GCC_541\Debug\Cm3Start.o
                0x1fff8000                CyRamVectors

.noinit         0x1fff80c0        0x1
 *(.noinit)
 .noinit        0x1fff80c0        0x1 .\CortexM3\ARM_GCC_541\Debug\SamplingCircuit.a(CyLib.o)
                0x1fff80c0                CyResetStatus

.data           0x1fff80c8       0x88 load address 0x000009a8
                0x1fff80c8                __cy_region_start_data = .
 *(.jcr)
 .jcr           0x1fff80c8        0x0 c:/program files (x86)/cypress/psoc creator/4.4/psoc creator/import/gnu/arm/5.4.1/bin/../lib/gcc/arm-none-eabi/5.4.1/armv7-m/crtbegin.o
 .jcr           0x1fff80c8        0x4 c:/program files (x86)/cypress/psoc creator/4.4/psoc creator/import/gnu/arm/5.4.1/bin/../lib/gcc/arm-none-eabi/5.4.1/armv7-m/crtend.o
 *(.got.plt)
 *(.got)
 *(.shdata)
 *(.data .data.* .gnu.linkonce.d.*)
 .data          0x1fff80cc        0x1 .\CortexM3\ARM_GCC_541\Debug\SamplingCircuit.a(I2S_DMA_dma.o)
                0x1fff80cc                I2S_DMA_DmaHandle
 *fill*         0x1fff80cd        0x3 
 .data          0x1fff80d0        0x8 .\CortexM3\ARM_GCC_541\Debug\SamplingCircuit.a(CyDmac.o)
 .data          0x1fff80d8       0x10 .\CortexM3\ARM_GCC_541\Debug\SamplingCircuit.a(CyLib.o)
                0x1fff80d8                cydelay_32k_ms
                0x1fff80dc                cydelay_freq_khz
                0x1fff80e0                cydelay_freq_mhz
                0x1fff80e4                cydelay_freq_hz
 .data.impure_data
                0x1fff80e8       0x60 c:/program files (x86)/cypress/psoc creator/4.4/psoc creator/import/gnu/arm/5.4.1/bin/../lib/gcc/arm-none-eabi/5.4.1/../../../../arm-none-eabi/lib/armv7-m\libg_nano.a(lib_a-impure.o)
 .data._impure_ptr
                0x1fff8148        0x4 c:/program files (x86)/cypress/psoc creator/4.4/psoc creator/import/gnu/arm/5.4.1/bin/../lib/gcc/arm-none-eabi/5.4.1/../../../../arm-none-eabi/lib/armv7-m\libg_nano.a(lib_a-impure.o)
                0x1fff8148                _impure_ptr
                0x1fff8150                . = ALIGN (0x8)
 *fill*         0x1fff814c        0x4 
 *(.ram)
                0x1fff8150                _edata = .

.igot.plt       0x1fff8150        0x0 load address 0x00000a30
 .igot.plt      0x1fff8150        0x0 c:/program files (x86)/cypress/psoc creator/4.4/psoc creator/import/gnu/arm/5.4.1/bin/../lib/gcc/arm-none-eabi/5.4.1/armv7-m/crtbegin.o

.bss            0x1fff8150      0x6c0 load address 0x00000a30
                0x1fff8150                PROVIDE (__bss_start__, .)
 *(.shbss)
 *(.bss .bss.* .gnu.linkonce.b.*)
 .bss           0x1fff8150       0x1c c:/program files (x86)/cypress/psoc creator/4.4/psoc creator/import/gnu/arm/5.4.1/bin/../lib/gcc/arm-none-eabi/5.4.1/armv7-m/crtbegin.o
 .bss           0x1fff816c        0x6 .\CortexM3\ARM_GCC_541\Debug\main.o
                0x1fff816c                dmaIndex
                0x1fff816e                uppit
                0x1fff8170                cpuIndex
 .bss           0x1fff8172        0x1 .\CortexM3\ARM_GCC_541\Debug\SamplingCircuit.a(I2S.o)
                0x1fff8172                I2S_initVar
 .bss           0x1fff8173        0x1 .\CortexM3\ARM_GCC_541\Debug\SamplingCircuit.a(SPIM.o)
                0x1fff8173                SPIM_initVar
 *(COMMON)
 COMMON         0x1fff8174      0x698 .\CortexM3\ARM_GCC_541\Debug\main.o
                0x1fff8174                dmaTdi2s
                0x1fff8178                bruh
                0x1fff81f8                i2sChannel
                0x1fff81fc                soundBuffer_I2S
                0x1fff85fc                hex_string
                0x1fff860c                interBuffer
                0x1fff8810                . = ALIGN (0x8)
 *fill*         0x1fff880c        0x4 
 *(.ram.b)
                0x1fff8810                _end = .
                0x1fff8810                __end = .
                0x1fff8810                PROVIDE (end, .)
                0x1fff8810                PROVIDE (__bss_end__, .)
                0x000009a8                __cy_region_init_ram = LOADADDR (.data)
                0x00000088                __cy_region_init_size_ram = (_edata - ADDR (.data))
                0x000006c0                __cy_region_zero_size_ram = (_end - _edata)

.heap           0x1fff8810       0x80 load address 0x00000a30
                0x1fff8810                . = _end
                0x1fff8890                . = (. + 0x80)
 *fill*         0x1fff8810       0x80 
                0x1fff8890                __cy_heap_limit = .

.stack          0x20007800      0x800
                0x20007800                __cy_stack_limit = .
                0x20008000                . = (. + 0x800)
 *fill*         0x20007800      0x800 
                0x00000001                ASSERT ((__cy_stack_limit >= __cy_heap_limit), region RAM overflowed with stack)
                0x00000000                cy_checksum_exclude_size = (CY_APPL_LOADABLE == 0x1)?SIZEOF (.cy_checksum_exclude):0x0
                0x00000001                ASSERT ((cy_checksum_exclude_size <= CY_CHECKSUM_EXCLUDE_SIZE), CY_BOOT: Section .cy_checksum_exclude size exceedes specified limit.)

.cyloadermeta
 *(.cyloadermeta)

.cyloadablemeta
 *(.cyloadablemeta)

.cyconfigecc    0x80000000      0x778
 *(.cyconfigecc)
 .cyconfigecc   0x80000000      0x778 .\CortexM3\ARM_GCC_541\Debug\cymetadata.o
                0x80000000                cy_meta_configecc

.cycustnvl      0x90000000        0x4
 *(.cycustnvl)
 .cycustnvl     0x90000000        0x4 .\CortexM3\ARM_GCC_541\Debug\cymetadata.o
                0x90000000                cy_meta_custnvl

.cywolatch      0x90100000        0x4
 *(.cywolatch)
 .cywolatch     0x90100000        0x4 .\CortexM3\ARM_GCC_541\Debug\cymetadata.o
                0x90100000                cy_meta_wonvl

.cyeeprom       0x90200000        0x0
 *(.cyeeprom)
                0x00000001                ASSERT ((. <= ((0x90200000 + ee_offset) + ee_size)), .cyeeprom data will not fit in EEPROM)

.cyflashprotect
                0x90400000      0x100
 *(.cyflashprotect)
 .cyflashprotect
                0x90400000      0x100 .\CortexM3\ARM_GCC_541\Debug\cymetadata.o
                0x90400000                cy_meta_flashprotect

.cymeta         0x90500000        0xc
 *(.cymeta)
 .cymeta        0x90500000        0xc .\CortexM3\ARM_GCC_541\Debug\cymetadata.o
                0x90500000                cy_metadata

.rel.dyn        0x00000a30        0x0 load address 0x9050000c
 .rel.iplt      0x00000a30        0x0 c:/program files (x86)/cypress/psoc creator/4.4/psoc creator/import/gnu/arm/5.4.1/bin/../lib/gcc/arm-none-eabi/5.4.1/armv7-m/crtbegin.o

.stab
 *(.stab)

.stabstr
 *(.stabstr)

.debug
 *(.debug)

.line
 *(.line)

.debug_srcinfo
 *(.debug_srcinfo)

.debug_sfnames
 *(.debug_sfnames)

.debug_aranges  0x00000000      0x800
 *(.debug_aranges)
 .debug_aranges
                0x00000000       0x40 .\CortexM3\ARM_GCC_541\Debug\main.o
 .debug_aranges
                0x00000040       0x58 .\CortexM3\ARM_GCC_541\Debug\cyfitter_cfg.o
 .debug_aranges
                0x00000098       0x18 .\CortexM3\ARM_GCC_541\Debug\cymetadata.o
 .debug_aranges
                0x000000b0       0x48 .\CortexM3\ARM_GCC_541\Debug\Cm3Start.o
 .debug_aranges
                0x000000f8       0x28 .\CortexM3\ARM_GCC_541\Debug\SamplingCircuit.a(I2S_DMA_dma.o)
 .debug_aranges
                0x00000120       0xd8 .\CortexM3\ARM_GCC_541\Debug\SamplingCircuit.a(CyDmac.o)
 .debug_aranges
                0x000001f8      0x2a0 .\CortexM3\ARM_GCC_541\Debug\SamplingCircuit.a(CyLib.o)
 .debug_aranges
                0x00000498       0x98 .\CortexM3\ARM_GCC_541\Debug\SamplingCircuit.a(cyPm.o)
 .debug_aranges
                0x00000530       0x50 .\CortexM3\ARM_GCC_541\Debug\SamplingCircuit.a(I2S.o)
 .debug_aranges
                0x00000580       0x80 .\CortexM3\ARM_GCC_541\Debug\SamplingCircuit.a(DmaI2S.o)
 .debug_aranges
                0x00000600       0xd8 .\CortexM3\ARM_GCC_541\Debug\SamplingCircuit.a(SPIM.o)
 .debug_aranges
                0x000006d8       0x20 .\CortexM3\ARM_GCC_541\Debug\SamplingCircuit.a(CyBootAsmGnu.o)
 .debug_aranges
                0x000006f8       0x88 .\CortexM3\ARM_GCC_541\Debug\SamplingCircuit.a(CyFlash.o)
 .debug_aranges
                0x00000780       0x80 .\CortexM3\ARM_GCC_541\Debug\SamplingCircuit.a(CySpc.o)

.debug_pubnames
 *(.debug_pubnames)

.debug_info     0x00000000     0x4d61
 *(.debug_info .gnu.linkonce.wi.*)
 .debug_info    0x00000000      0x41f .\CortexM3\ARM_GCC_541\Debug\main.o
 .debug_info    0x0000041f      0x5d6 .\CortexM3\ARM_GCC_541\Debug\cyfitter_cfg.o
 .debug_info    0x000009f5      0x139 .\CortexM3\ARM_GCC_541\Debug\cymetadata.o
 .debug_info    0x00000b2e      0x3cf .\CortexM3\ARM_GCC_541\Debug\Cm3Start.o
 .debug_info    0x00000efd      0x1aa .\CortexM3\ARM_GCC_541\Debug\SamplingCircuit.a(I2S_DMA_dma.o)
 .debug_info    0x000010a7      0x94e .\CortexM3\ARM_GCC_541\Debug\SamplingCircuit.a(CyDmac.o)
 .debug_info    0x000019f5     0x1374 .\CortexM3\ARM_GCC_541\Debug\SamplingCircuit.a(CyLib.o)
 .debug_info    0x00002d69      0xa2a .\CortexM3\ARM_GCC_541\Debug\SamplingCircuit.a(cyPm.o)
 .debug_info    0x00003793      0x237 .\CortexM3\ARM_GCC_541\Debug\SamplingCircuit.a(I2S.o)
 .debug_info    0x000039ca      0x2d2 .\CortexM3\ARM_GCC_541\Debug\SamplingCircuit.a(DmaI2S.o)
 .debug_info    0x00003c9c      0x493 .\CortexM3\ARM_GCC_541\Debug\SamplingCircuit.a(SPIM.o)
 .debug_info    0x0000412f       0x95 .\CortexM3\ARM_GCC_541\Debug\SamplingCircuit.a(CyBootAsmGnu.o)
 .debug_info    0x000041c4      0x64d .\CortexM3\ARM_GCC_541\Debug\SamplingCircuit.a(CyFlash.o)
 .debug_info    0x00004811      0x550 .\CortexM3\ARM_GCC_541\Debug\SamplingCircuit.a(CySpc.o)

.debug_abbrev   0x00000000     0x12fa
 *(.debug_abbrev)
 .debug_abbrev  0x00000000      0x133 .\CortexM3\ARM_GCC_541\Debug\main.o
 .debug_abbrev  0x00000133      0x20d .\CortexM3\ARM_GCC_541\Debug\cyfitter_cfg.o
 .debug_abbrev  0x00000340       0x77 .\CortexM3\ARM_GCC_541\Debug\cymetadata.o
 .debug_abbrev  0x000003b7      0x1e8 .\CortexM3\ARM_GCC_541\Debug\Cm3Start.o
 .debug_abbrev  0x0000059f       0xcd .\CortexM3\ARM_GCC_541\Debug\SamplingCircuit.a(I2S_DMA_dma.o)
 .debug_abbrev  0x0000066c      0x1b2 .\CortexM3\ARM_GCC_541\Debug\SamplingCircuit.a(CyDmac.o)
 .debug_abbrev  0x0000081e      0x254 .\CortexM3\ARM_GCC_541\Debug\SamplingCircuit.a(CyLib.o)
 .debug_abbrev  0x00000a72      0x1ab .\CortexM3\ARM_GCC_541\Debug\SamplingCircuit.a(cyPm.o)
 .debug_abbrev  0x00000c1d       0xd5 .\CortexM3\ARM_GCC_541\Debug\SamplingCircuit.a(I2S.o)
 .debug_abbrev  0x00000cf2      0x173 .\CortexM3\ARM_GCC_541\Debug\SamplingCircuit.a(DmaI2S.o)
 .debug_abbrev  0x00000e65      0x146 .\CortexM3\ARM_GCC_541\Debug\SamplingCircuit.a(SPIM.o)
 .debug_abbrev  0x00000fab       0x14 .\CortexM3\ARM_GCC_541\Debug\SamplingCircuit.a(CyBootAsmGnu.o)
 .debug_abbrev  0x00000fbf      0x1a7 .\CortexM3\ARM_GCC_541\Debug\SamplingCircuit.a(CyFlash.o)
 .debug_abbrev  0x00001166      0x194 .\CortexM3\ARM_GCC_541\Debug\SamplingCircuit.a(CySpc.o)

.debug_line     0x00000000     0x1fcc
 *(.debug_line)
 .debug_line    0x00000000      0x248 .\CortexM3\ARM_GCC_541\Debug\main.o
 .debug_line    0x00000248      0x1f9 .\CortexM3\ARM_GCC_541\Debug\cyfitter_cfg.o
 .debug_line    0x00000441      0x141 .\CortexM3\ARM_GCC_541\Debug\cymetadata.o
 .debug_line    0x00000582      0x241 .\CortexM3\ARM_GCC_541\Debug\Cm3Start.o
 .debug_line    0x000007c3       0x84 .\CortexM3\ARM_GCC_541\Debug\SamplingCircuit.a(I2S_DMA_dma.o)
 .debug_line    0x00000847      0x2e4 .\CortexM3\ARM_GCC_541\Debug\SamplingCircuit.a(CyDmac.o)
 .debug_line    0x00000b2b      0x816 .\CortexM3\ARM_GCC_541\Debug\SamplingCircuit.a(CyLib.o)
 .debug_line    0x00001341      0x367 .\CortexM3\ARM_GCC_541\Debug\SamplingCircuit.a(cyPm.o)
 .debug_line    0x000016a8       0xe3 .\CortexM3\ARM_GCC_541\Debug\SamplingCircuit.a(I2S.o)
 .debug_line    0x0000178b      0x133 .\CortexM3\ARM_GCC_541\Debug\SamplingCircuit.a(DmaI2S.o)
 .debug_line    0x000018be      0x22e .\CortexM3\ARM_GCC_541\Debug\SamplingCircuit.a(SPIM.o)
 .debug_line    0x00001aec       0x66 .\CortexM3\ARM_GCC_541\Debug\SamplingCircuit.a(CyBootAsmGnu.o)
 .debug_line    0x00001b52      0x21a .\CortexM3\ARM_GCC_541\Debug\SamplingCircuit.a(CyFlash.o)
 .debug_line    0x00001d6c      0x260 .\CortexM3\ARM_GCC_541\Debug\SamplingCircuit.a(CySpc.o)

.debug_frame    0x00000000     0x1524
 *(.debug_frame)
 .debug_frame   0x00000000       0x88 .\CortexM3\ARM_GCC_541\Debug\main.o
 .debug_frame   0x00000088       0xe4 .\CortexM3\ARM_GCC_541\Debug\cyfitter_cfg.o
 .debug_frame   0x0000016c       0xb8 .\CortexM3\ARM_GCC_541\Debug\Cm3Start.o
 .debug_frame   0x00000224       0x54 .\CortexM3\ARM_GCC_541\Debug\SamplingCircuit.a(I2S_DMA_dma.o)
 .debug_frame   0x00000278      0x1f8 .\CortexM3\ARM_GCC_541\Debug\SamplingCircuit.a(CyDmac.o)
 .debug_frame   0x00000470      0x738 .\CortexM3\ARM_GCC_541\Debug\SamplingCircuit.a(CyLib.o)
 .debug_frame   0x00000ba8      0x1f8 .\CortexM3\ARM_GCC_541\Debug\SamplingCircuit.a(cyPm.o)
 .debug_frame   0x00000da0       0xc8 .\CortexM3\ARM_GCC_541\Debug\SamplingCircuit.a(I2S.o)
 .debug_frame   0x00000e68      0x104 .\CortexM3\ARM_GCC_541\Debug\SamplingCircuit.a(DmaI2S.o)
 .debug_frame   0x00000f6c      0x1e8 .\CortexM3\ARM_GCC_541\Debug\SamplingCircuit.a(SPIM.o)
 .debug_frame   0x00001154      0x194 .\CortexM3\ARM_GCC_541\Debug\SamplingCircuit.a(CyFlash.o)
 .debug_frame   0x000012e8      0x180 .\CortexM3\ARM_GCC_541\Debug\SamplingCircuit.a(CySpc.o)
 .debug_frame   0x00001468       0x20 c:/program files (x86)/cypress/psoc creator/4.4/psoc creator/import/gnu/arm/5.4.1/bin/../lib/gcc/arm-none-eabi/5.4.1/../../../../arm-none-eabi/lib/armv7-m\libg_nano.a(lib_a-errno.o)
 .debug_frame   0x00001488       0x28 c:/program files (x86)/cypress/psoc creator/4.4/psoc creator/import/gnu/arm/5.4.1/bin/../lib/gcc/arm-none-eabi/5.4.1/../../../../arm-none-eabi/lib/armv7-m\libg_nano.a(lib_a-exit.o)
 .debug_frame   0x000014b0       0x2c c:/program files (x86)/cypress/psoc creator/4.4/psoc creator/import/gnu/arm/5.4.1/bin/../lib/gcc/arm-none-eabi/5.4.1/../../../../arm-none-eabi/lib/armv7-m\libg_nano.a(lib_a-init.o)
 .debug_frame   0x000014dc       0x28 c:/program files (x86)/cypress/psoc creator/4.4/psoc creator/import/gnu/arm/5.4.1/bin/../lib/gcc/arm-none-eabi/5.4.1/../../../../arm-none-eabi/lib/armv7-m\libg_nano.a(lib_a-memcpy-stub.o)
 .debug_frame   0x00001504       0x20 c:/program files (x86)/cypress/psoc creator/4.4/psoc creator/import/gnu/arm/5.4.1/bin/../lib/gcc/arm-none-eabi/5.4.1/../../../../arm-none-eabi/lib/armv7-m\libg_nano.a(lib_a-memset.o)

.debug_str      0x00000000     0x1ac5
 *(.debug_str)
 .debug_str     0x00000000      0x2d7 .\CortexM3\ARM_GCC_541\Debug\main.o
                                0x331 (size before relaxing)
 .debug_str     0x000002d7      0x1a3 .\CortexM3\ARM_GCC_541\Debug\cyfitter_cfg.o
                                0x349 (size before relaxing)
 .debug_str     0x0000047a       0x75 .\CortexM3\ARM_GCC_541\Debug\cymetadata.o
                                0x1e9 (size before relaxing)
 .debug_str     0x000004ef      0x154 .\CortexM3\ARM_GCC_541\Debug\Cm3Start.o
                                0x31f (size before relaxing)
 .debug_str     0x00000643       0xd6 .\CortexM3\ARM_GCC_541\Debug\SamplingCircuit.a(I2S_DMA_dma.o)
                                0x279 (size before relaxing)
 .debug_str     0x00000719      0x2dc .\CortexM3\ARM_GCC_541\Debug\SamplingCircuit.a(CyDmac.o)
                                0x54f (size before relaxing)
 .debug_str     0x000009f5      0x7f1 .\CortexM3\ARM_GCC_541\Debug\SamplingCircuit.a(CyLib.o)
                                0xa4c (size before relaxing)
 .debug_str     0x000011e6      0x365 .\CortexM3\ARM_GCC_541\Debug\SamplingCircuit.a(cyPm.o)
                                0x738 (size before relaxing)
 .debug_str     0x0000154b       0x61 .\CortexM3\ARM_GCC_541\Debug\SamplingCircuit.a(I2S.o)
                                0x244 (size before relaxing)
 .debug_str     0x000015ac       0xe5 .\CortexM3\ARM_GCC_541\Debug\SamplingCircuit.a(DmaI2S.o)
                                0x2b9 (size before relaxing)
 .debug_str     0x00001691      0x1d4 .\CortexM3\ARM_GCC_541\Debug\SamplingCircuit.a(SPIM.o)
                                0x3ea (size before relaxing)
 .debug_str     0x00001865      0x1b4 .\CortexM3\ARM_GCC_541\Debug\SamplingCircuit.a(CyFlash.o)
                                0x3c5 (size before relaxing)
 .debug_str     0x00001a19       0xac .\CortexM3\ARM_GCC_541\Debug\SamplingCircuit.a(CySpc.o)
                                0x33d (size before relaxing)

.debug_loc      0x00000000     0x286c
 *(.debug_loc)
 .debug_loc     0x00000000       0x5d .\CortexM3\ARM_GCC_541\Debug\main.o
 .debug_loc     0x0000005d      0x25a .\CortexM3\ARM_GCC_541\Debug\cyfitter_cfg.o
 .debug_loc     0x000002b7      0x144 .\CortexM3\ARM_GCC_541\Debug\Cm3Start.o
 .debug_loc     0x000003fb       0x84 .\CortexM3\ARM_GCC_541\Debug\SamplingCircuit.a(I2S_DMA_dma.o)
 .debug_loc     0x0000047f      0xb8e .\CortexM3\ARM_GCC_541\Debug\SamplingCircuit.a(CyDmac.o)
 .debug_loc     0x0000100d      0xa11 .\CortexM3\ARM_GCC_541\Debug\SamplingCircuit.a(CyLib.o)
 .debug_loc     0x00001a1e      0x1e4 .\CortexM3\ARM_GCC_541\Debug\SamplingCircuit.a(cyPm.o)
 .debug_loc     0x00001c02       0x5f .\CortexM3\ARM_GCC_541\Debug\SamplingCircuit.a(I2S.o)
 .debug_loc     0x00001c61       0x56 .\CortexM3\ARM_GCC_541\Debug\SamplingCircuit.a(DmaI2S.o)
 .debug_loc     0x00001cb7       0xfe .\CortexM3\ARM_GCC_541\Debug\SamplingCircuit.a(SPIM.o)
 .debug_loc     0x00001db5      0x3b2 .\CortexM3\ARM_GCC_541\Debug\SamplingCircuit.a(CyFlash.o)
 .debug_loc     0x00002167      0x705 .\CortexM3\ARM_GCC_541\Debug\SamplingCircuit.a(CySpc.o)

.debug_macinfo
 *(.debug_macinfo)

.debug_ranges   0x00000000      0x708
 *(.debug_ranges)
 .debug_ranges  0x00000000       0x30 .\CortexM3\ARM_GCC_541\Debug\main.o
 .debug_ranges  0x00000030       0x48 .\CortexM3\ARM_GCC_541\Debug\cyfitter_cfg.o
 .debug_ranges  0x00000078       0x38 .\CortexM3\ARM_GCC_541\Debug\Cm3Start.o
 .debug_ranges  0x000000b0       0x18 .\CortexM3\ARM_GCC_541\Debug\SamplingCircuit.a(I2S_DMA_dma.o)
 .debug_ranges  0x000000c8       0xc8 .\CortexM3\ARM_GCC_541\Debug\SamplingCircuit.a(CyDmac.o)
 .debug_ranges  0x00000190      0x290 .\CortexM3\ARM_GCC_541\Debug\SamplingCircuit.a(CyLib.o)
 .debug_ranges  0x00000420       0x88 .\CortexM3\ARM_GCC_541\Debug\SamplingCircuit.a(cyPm.o)
 .debug_ranges  0x000004a8       0x40 .\CortexM3\ARM_GCC_541\Debug\SamplingCircuit.a(I2S.o)
 .debug_ranges  0x000004e8       0x70 .\CortexM3\ARM_GCC_541\Debug\SamplingCircuit.a(DmaI2S.o)
 .debug_ranges  0x00000558       0xc8 .\CortexM3\ARM_GCC_541\Debug\SamplingCircuit.a(SPIM.o)
 .debug_ranges  0x00000620       0x78 .\CortexM3\ARM_GCC_541\Debug\SamplingCircuit.a(CyFlash.o)
 .debug_ranges  0x00000698       0x70 .\CortexM3\ARM_GCC_541\Debug\SamplingCircuit.a(CySpc.o)

.comment        0x00000000       0x6e
 .comment       0x00000000       0x6e .\CortexM3\ARM_GCC_541\Debug\main.o
                                 0x6f (size before relaxing)
 .comment       0x0000006e       0x6f .\CortexM3\ARM_GCC_541\Debug\cyfitter_cfg.o
 .comment       0x0000006e       0x6f .\CortexM3\ARM_GCC_541\Debug\cymetadata.o
 .comment       0x0000006e       0x6f .\CortexM3\ARM_GCC_541\Debug\Cm3Start.o
 .comment       0x0000006e       0x6f .\CortexM3\ARM_GCC_541\Debug\SamplingCircuit.a(I2S_DMA_dma.o)
 .comment       0x0000006e       0x6f .\CortexM3\ARM_GCC_541\Debug\SamplingCircuit.a(CyDmac.o)
 .comment       0x0000006e       0x6f .\CortexM3\ARM_GCC_541\Debug\SamplingCircuit.a(CyLib.o)
 .comment       0x0000006e       0x6f .\CortexM3\ARM_GCC_541\Debug\SamplingCircuit.a(cyPm.o)
 .comment       0x0000006e       0x6f .\CortexM3\ARM_GCC_541\Debug\SamplingCircuit.a(I2S.o)
 .comment       0x0000006e       0x6f .\CortexM3\ARM_GCC_541\Debug\SamplingCircuit.a(DmaI2S.o)
 .comment       0x0000006e       0x6f .\CortexM3\ARM_GCC_541\Debug\SamplingCircuit.a(SPIM.o)
 .comment       0x0000006e       0x6f .\CortexM3\ARM_GCC_541\Debug\SamplingCircuit.a(CyFlash.o)
 .comment       0x0000006e       0x6f .\CortexM3\ARM_GCC_541\Debug\SamplingCircuit.a(CySpc.o)

.debug_weaknames
 *(.debug_weaknames)

.debug_funcnames
 *(.debug_funcnames)

.debug_typenames
 *(.debug_typenames)

.debug_varnames
 *(.debug_varnames)

.note.gnu.arm.ident
 *(.note.gnu.arm.ident)

.ARM.attributes
                0x00000000       0x29
 *(.ARM.attributes)
 .ARM.attributes
                0x00000000       0x1d c:/program files (x86)/cypress/psoc creator/4.4/psoc creator/import/gnu/arm/5.4.1/bin/../lib/gcc/arm-none-eabi/5.4.1/armv7-m/crti.o
 .ARM.attributes
                0x0000001d       0x2d c:/program files (x86)/cypress/psoc creator/4.4/psoc creator/import/gnu/arm/5.4.1/bin/../lib/gcc/arm-none-eabi/5.4.1/armv7-m/crtbegin.o
 .ARM.attributes
                0x0000004a       0x1b c:/program files (x86)/cypress/psoc creator/4.4/psoc creator/import/gnu/arm/5.4.1/bin/../lib/gcc/arm-none-eabi/5.4.1/../../../../arm-none-eabi/lib/armv7-m/crt0.o
 .ARM.attributes
                0x00000065       0x33 .\CortexM3\ARM_GCC_541\Debug\main.o
 .ARM.attributes
                0x00000098       0x33 .\CortexM3\ARM_GCC_541\Debug\cyfitter_cfg.o
 .ARM.attributes
                0x000000cb       0x33 .\CortexM3\ARM_GCC_541\Debug\cymetadata.o
 .ARM.attributes
                0x000000fe       0x33 .\CortexM3\ARM_GCC_541\Debug\Cm3Start.o
 .ARM.attributes
                0x00000131       0x33 .\CortexM3\ARM_GCC_541\Debug\SamplingCircuit.a(I2S_DMA_dma.o)
 .ARM.attributes
                0x00000164       0x33 .\CortexM3\ARM_GCC_541\Debug\SamplingCircuit.a(CyDmac.o)
 .ARM.attributes
                0x00000197       0x33 .\CortexM3\ARM_GCC_541\Debug\SamplingCircuit.a(CyLib.o)
 .ARM.attributes
                0x000001ca       0x33 .\CortexM3\ARM_GCC_541\Debug\SamplingCircuit.a(cyPm.o)
 .ARM.attributes
                0x000001fd       0x33 .\CortexM3\ARM_GCC_541\Debug\SamplingCircuit.a(I2S.o)
 .ARM.attributes
                0x00000230       0x33 .\CortexM3\ARM_GCC_541\Debug\SamplingCircuit.a(DmaI2S.o)
 .ARM.attributes
                0x00000263       0x33 .\CortexM3\ARM_GCC_541\Debug\SamplingCircuit.a(SPIM.o)
 .ARM.attributes
                0x00000296       0x21 .\CortexM3\ARM_GCC_541\Debug\SamplingCircuit.a(CyBootAsmGnu.o)
 .ARM.attributes
                0x000002b7       0x33 .\CortexM3\ARM_GCC_541\Debug\SamplingCircuit.a(CyFlash.o)
 .ARM.attributes
                0x000002ea       0x33 .\CortexM3\ARM_GCC_541\Debug\SamplingCircuit.a(CySpc.o)
 .ARM.attributes
                0x0000031d       0x2d c:/program files (x86)/cypress/psoc creator/4.4/psoc creator/import/gnu/arm/5.4.1/bin/../lib/gcc/arm-none-eabi/5.4.1/../../../../arm-none-eabi/lib/armv7-m\libg_nano.a(lib_a-errno.o)
 .ARM.attributes
                0x0000034a       0x2d c:/program files (x86)/cypress/psoc creator/4.4/psoc creator/import/gnu/arm/5.4.1/bin/../lib/gcc/arm-none-eabi/5.4.1/../../../../arm-none-eabi/lib/armv7-m\libg_nano.a(lib_a-exit.o)
 .ARM.attributes
                0x00000377       0x2d c:/program files (x86)/cypress/psoc creator/4.4/psoc creator/import/gnu/arm/5.4.1/bin/../lib/gcc/arm-none-eabi/5.4.1/../../../../arm-none-eabi/lib/armv7-m\libg_nano.a(lib_a-impure.o)
 .ARM.attributes
                0x000003a4       0x2d c:/program files (x86)/cypress/psoc creator/4.4/psoc creator/import/gnu/arm/5.4.1/bin/../lib/gcc/arm-none-eabi/5.4.1/../../../../arm-none-eabi/lib/armv7-m\libg_nano.a(lib_a-init.o)
 .ARM.attributes
                0x000003d1       0x2d c:/program files (x86)/cypress/psoc creator/4.4/psoc creator/import/gnu/arm/5.4.1/bin/../lib/gcc/arm-none-eabi/5.4.1/../../../../arm-none-eabi/lib/armv7-m\libg_nano.a(lib_a-memcpy-stub.o)
 .ARM.attributes
                0x000003fe       0x2d c:/program files (x86)/cypress/psoc creator/4.4/psoc creator/import/gnu/arm/5.4.1/bin/../lib/gcc/arm-none-eabi/5.4.1/../../../../arm-none-eabi/lib/armv7-m\libg_nano.a(lib_a-memset.o)
 .ARM.attributes
                0x0000042b       0x2d c:/program files (x86)/cypress/psoc creator/4.4/psoc creator/import/gnu/arm/5.4.1/bin/../lib/gcc/arm-none-eabi/5.4.1/armv7-m/crtend.o
 .ARM.attributes
                0x00000458       0x1d c:/program files (x86)/cypress/psoc creator/4.4/psoc creator/import/gnu/arm/5.4.1/bin/../lib/gcc/arm-none-eabi/5.4.1/armv7-m/crtn.o

/DISCARD/
 *(.note.GNU-stack)
OUTPUT(C:\Users\tardi\Desktop\ES10-Drowning\PSoCSampler\SamplingCircuit.cydsn\CortexM3\ARM_GCC_541\Debug\SamplingCircuit.elf elf32-littlearm)
